[debug] [2025-04-29T22:07:42.303Z] ----------------------------------------------------------------------
[debug] [2025-04-29T22:07:42.306Z] Command:       C:\Program Files\nodejs\node.exe C:\Users\asus\AppData\Roaming\npm\node_modules\firebase-tools\lib\bin\firebase.js deploy --only functions
[debug] [2025-04-29T22:07:42.306Z] CLI Version:   14.2.1
[debug] [2025-04-29T22:07:42.306Z] Platform:      win32
[debug] [2025-04-29T22:07:42.306Z] Node Version:  v22.15.0
[debug] [2025-04-29T22:07:42.307Z] Time:          Wed Apr 30 2025 01:07:42 GMT+0300 (Eastern European Summer Time)
[debug] [2025-04-29T22:07:42.307Z] ----------------------------------------------------------------------
[debug] 
[debug] [2025-04-29T22:07:42.504Z] > command requires scopes: ["email","openid","https://www.googleapis.com/auth/cloudplatformprojects.readonly","https://www.googleapis.com/auth/firebase","https://www.googleapis.com/auth/cloud-platform"]
[debug] [2025-04-29T22:07:42.505Z] > authorizing via signed-in user (moonkyvet@gmail.com)
[debug] [2025-04-29T22:07:42.505Z] [iam] checking project moonkyvet-88de4 for permissions ["cloudfunctions.functions.create","cloudfunctions.functions.delete","cloudfunctions.functions.get","cloudfunctions.functions.list","cloudfunctions.functions.update","cloudfunctions.operations.get","firebase.projects.get"]
[debug] [2025-04-29T22:07:42.506Z] Checked if tokens are valid: true, expires at: 1745967477360
[debug] [2025-04-29T22:07:42.506Z] Checked if tokens are valid: true, expires at: 1745967477360
[debug] [2025-04-29T22:07:42.507Z] >>> [apiv2][query] POST https://cloudresourcemanager.googleapis.com/v1/projects/moonkyvet-88de4:testIamPermissions [none]
[debug] [2025-04-29T22:07:42.507Z] >>> [apiv2][(partial)header] POST https://cloudresourcemanager.googleapis.com/v1/projects/moonkyvet-88de4:testIamPermissions x-goog-quota-user=projects/moonkyvet-88de4
[debug] [2025-04-29T22:07:42.507Z] >>> [apiv2][body] POST https://cloudresourcemanager.googleapis.com/v1/projects/moonkyvet-88de4:testIamPermissions {"permissions":["cloudfunctions.functions.create","cloudfunctions.functions.delete","cloudfunctions.functions.get","cloudfunctions.functions.list","cloudfunctions.functions.update","cloudfunctions.operations.get","firebase.projects.get"]}
[debug] [2025-04-29T22:07:43.351Z] <<< [apiv2][status] POST https://cloudresourcemanager.googleapis.com/v1/projects/moonkyvet-88de4:testIamPermissions 200
[debug] [2025-04-29T22:07:43.351Z] <<< [apiv2][body] POST https://cloudresourcemanager.googleapis.com/v1/projects/moonkyvet-88de4:testIamPermissions {"permissions":["cloudfunctions.functions.create","cloudfunctions.functions.delete","cloudfunctions.functions.get","cloudfunctions.functions.list","cloudfunctions.functions.update","cloudfunctions.operations.get","firebase.projects.get"]}
[debug] [2025-04-29T22:07:43.352Z] Checked if tokens are valid: true, expires at: 1745967477360
[debug] [2025-04-29T22:07:43.352Z] Checked if tokens are valid: true, expires at: 1745967477360
[debug] [2025-04-29T22:07:43.352Z] >>> [apiv2][query] POST https://iam.googleapis.com/v1/projects/moonkyvet-88de4/serviceAccounts/moonkyvet-88de4@appspot.gserviceaccount.com:testIamPermissions [none]
[debug] [2025-04-29T22:07:43.352Z] >>> [apiv2][body] POST https://iam.googleapis.com/v1/projects/moonkyvet-88de4/serviceAccounts/moonkyvet-88de4@appspot.gserviceaccount.com:testIamPermissions {"permissions":["iam.serviceAccounts.actAs"]}
[debug] [2025-04-29T22:07:44.162Z] <<< [apiv2][status] POST https://iam.googleapis.com/v1/projects/moonkyvet-88de4/serviceAccounts/moonkyvet-88de4@appspot.gserviceaccount.com:testIamPermissions 200
[debug] [2025-04-29T22:07:44.163Z] <<< [apiv2][body] POST https://iam.googleapis.com/v1/projects/moonkyvet-88de4/serviceAccounts/moonkyvet-88de4@appspot.gserviceaccount.com:testIamPermissions {"permissions":["iam.serviceAccounts.actAs"]}
[info] 
[info] === Deploying to 'moonkyvet-88de4'...
[info] 
[info] i  deploying functions 
[debug] [2025-04-29T22:07:44.167Z] Checked if tokens are valid: true, expires at: 1745967477360
[debug] [2025-04-29T22:07:44.167Z] Checked if tokens are valid: true, expires at: 1745967477360
[debug] [2025-04-29T22:07:44.167Z] >>> [apiv2][query] GET https://cloudresourcemanager.googleapis.com/v1/projects/moonkyvet-88de4 [none]
[debug] [2025-04-29T22:07:44.378Z] <<< [apiv2][status] GET https://cloudresourcemanager.googleapis.com/v1/projects/moonkyvet-88de4 200
[debug] [2025-04-29T22:07:44.379Z] <<< [apiv2][body] GET https://cloudresourcemanager.googleapis.com/v1/projects/moonkyvet-88de4 {"projectNumber":"67832849622","projectId":"moonkyvet-88de4","lifecycleState":"ACTIVE","name":"MoonkyVet","labels":{"firebase":"enabled","firebase-core":"disabled"},"createTime":"2025-04-22T09:12:07.694599Z"}
[info] i  functions: preparing codebase default for deployment 
[info] i  functions: ensuring required API cloudfunctions.googleapis.com is enabled... 
[debug] [2025-04-29T22:07:44.380Z] Checked if tokens are valid: true, expires at: 1745967477360
[debug] [2025-04-29T22:07:44.380Z] Checked if tokens are valid: true, expires at: 1745967477360
[debug] [2025-04-29T22:07:44.380Z] Checked if tokens are valid: true, expires at: 1745967477360
[debug] [2025-04-29T22:07:44.380Z] Checked if tokens are valid: true, expires at: 1745967477360
[info] i  functions: ensuring required API cloudbuild.googleapis.com is enabled... 
[debug] [2025-04-29T22:07:44.381Z] Checked if tokens are valid: true, expires at: 1745967477360
[debug] [2025-04-29T22:07:44.381Z] Checked if tokens are valid: true, expires at: 1745967477360
[info] i  artifactregistry: ensuring required API artifactregistry.googleapis.com is enabled... 
[debug] [2025-04-29T22:07:44.381Z] Checked if tokens are valid: true, expires at: 1745967477360
[debug] [2025-04-29T22:07:44.381Z] Checked if tokens are valid: true, expires at: 1745967477360
[debug] [2025-04-29T22:07:44.381Z] >>> [apiv2][query] GET https://serviceusage.googleapis.com/v1/projects/moonkyvet-88de4/services/cloudfunctions.googleapis.com [none]
[debug] [2025-04-29T22:07:44.381Z] >>> [apiv2][(partial)header] GET https://serviceusage.googleapis.com/v1/projects/moonkyvet-88de4/services/cloudfunctions.googleapis.com x-goog-quota-user=projects/moonkyvet-88de4
[debug] [2025-04-29T22:07:44.383Z] >>> [apiv2][query] GET https://serviceusage.googleapis.com/v1/projects/moonkyvet-88de4/services/runtimeconfig.googleapis.com [none]
[debug] [2025-04-29T22:07:44.383Z] >>> [apiv2][(partial)header] GET https://serviceusage.googleapis.com/v1/projects/moonkyvet-88de4/services/runtimeconfig.googleapis.com x-goog-quota-user=projects/moonkyvet-88de4
[debug] [2025-04-29T22:07:44.384Z] >>> [apiv2][query] GET https://serviceusage.googleapis.com/v1/projects/moonkyvet-88de4/services/cloudbuild.googleapis.com [none]
[debug] [2025-04-29T22:07:44.384Z] >>> [apiv2][(partial)header] GET https://serviceusage.googleapis.com/v1/projects/moonkyvet-88de4/services/cloudbuild.googleapis.com x-goog-quota-user=projects/moonkyvet-88de4
[debug] [2025-04-29T22:07:44.384Z] >>> [apiv2][query] GET https://serviceusage.googleapis.com/v1/projects/moonkyvet-88de4/services/artifactregistry.googleapis.com [none]
[debug] [2025-04-29T22:07:44.385Z] >>> [apiv2][(partial)header] GET https://serviceusage.googleapis.com/v1/projects/moonkyvet-88de4/services/artifactregistry.googleapis.com x-goog-quota-user=projects/moonkyvet-88de4
[debug] [2025-04-29T22:07:45.384Z] <<< [apiv2][status] GET https://serviceusage.googleapis.com/v1/projects/moonkyvet-88de4/services/runtimeconfig.googleapis.com 200
[debug] [2025-04-29T22:07:45.384Z] <<< [apiv2][body] GET https://serviceusage.googleapis.com/v1/projects/moonkyvet-88de4/services/runtimeconfig.googleapis.com [omitted]
[debug] [2025-04-29T22:07:45.384Z] <<< [apiv2][status] GET https://serviceusage.googleapis.com/v1/projects/moonkyvet-88de4/services/cloudbuild.googleapis.com 200
[debug] [2025-04-29T22:07:45.384Z] <<< [apiv2][body] GET https://serviceusage.googleapis.com/v1/projects/moonkyvet-88de4/services/cloudbuild.googleapis.com [omitted]
[info] +  functions: required API cloudbuild.googleapis.com is enabled 
[debug] [2025-04-29T22:07:45.411Z] <<< [apiv2][status] GET https://serviceusage.googleapis.com/v1/projects/moonkyvet-88de4/services/artifactregistry.googleapis.com 200
[debug] [2025-04-29T22:07:45.411Z] <<< [apiv2][body] GET https://serviceusage.googleapis.com/v1/projects/moonkyvet-88de4/services/artifactregistry.googleapis.com [omitted]
[info] +  artifactregistry: required API artifactregistry.googleapis.com is enabled 
[debug] [2025-04-29T22:07:45.414Z] <<< [apiv2][status] GET https://serviceusage.googleapis.com/v1/projects/moonkyvet-88de4/services/cloudfunctions.googleapis.com 200
[debug] [2025-04-29T22:07:45.414Z] <<< [apiv2][body] GET https://serviceusage.googleapis.com/v1/projects/moonkyvet-88de4/services/cloudfunctions.googleapis.com [omitted]
[info] +  functions: required API cloudfunctions.googleapis.com is enabled 
[debug] [2025-04-29T22:07:45.415Z] Checked if tokens are valid: true, expires at: 1745967477360
[debug] [2025-04-29T22:07:45.415Z] Checked if tokens are valid: true, expires at: 1745967477360
[debug] [2025-04-29T22:07:45.415Z] >>> [apiv2][query] GET https://firebase.googleapis.com/v1beta1/projects/moonkyvet-88de4/adminSdkConfig [none]
[debug] [2025-04-29T22:07:45.868Z] <<< [apiv2][status] GET https://firebase.googleapis.com/v1beta1/projects/moonkyvet-88de4/adminSdkConfig 200
[debug] [2025-04-29T22:07:45.868Z] <<< [apiv2][body] GET https://firebase.googleapis.com/v1beta1/projects/moonkyvet-88de4/adminSdkConfig {"projectId":"moonkyvet-88de4","storageBucket":"moonkyvet-88de4.firebasestorage.app"}
[debug] [2025-04-29T22:07:45.868Z] Checked if tokens are valid: true, expires at: 1745967477360
[debug] [2025-04-29T22:07:45.868Z] Checked if tokens are valid: true, expires at: 1745967477360
[debug] [2025-04-29T22:07:45.868Z] >>> [apiv2][query] GET https://runtimeconfig.googleapis.com/v1beta1/projects/moonkyvet-88de4/configs [none]
[debug] [2025-04-29T22:07:46.137Z] <<< [apiv2][status] GET https://runtimeconfig.googleapis.com/v1beta1/projects/moonkyvet-88de4/configs 200
[debug] [2025-04-29T22:07:46.137Z] <<< [apiv2][body] GET https://runtimeconfig.googleapis.com/v1beta1/projects/moonkyvet-88de4/configs {}
[debug] [2025-04-29T22:07:46.139Z] Validating nodejs source
[warn] !  functions: Runtime Node.js 18 will be deprecated on 2025-04-30 and will be decommissioned on 2025-10-31, after which you will not be able to deploy without upgrading. Consider upgrading now to avoid disruption. See https://cloud.google.com/functions/docs/runtime-support for full details on the lifecycle policy 
[debug] [2025-04-29T22:07:46.946Z] > [functions] package.json contents: {
  "name": "functions",
  "description": "Cloud Functions for Firebase",
  "scripts": {
    "serve": "firebase emulators:start --only functions",
    "shell": "firebase functions:shell",
    "start": "npm run shell",
    "deploy": "firebase deploy --only functions",
    "logs": "firebase functions:log"
  },
  "engines": {
    "node": "18"
  },
  "main": "index.js",
  "dependencies": {
    "firebase-admin": "^11.0.0",
    "firebase-functions": "^4.0.0",
    "stripe": "^12.0.0"
  },
  "devDependencies": {
    "firebase-functions-test": "^3.1.0"
  },
  "private": true
}
[debug] [2025-04-29T22:07:46.946Z] Building nodejs source
[info] i  functions: Loading and analyzing source code for codebase default to determine what to deploy 
[debug] [2025-04-29T22:07:46.948Z] Could not find functions.yaml. Must use http discovery
[debug] [2025-04-29T22:07:46.957Z] Found firebase-functions binary at 'C:\Users\asus\AndroidStudioProjects\MoonkyVet\functions\node_modules\.bin\firebase-functions'
[info] Serving at port 8415

[debug] [2025-04-29T22:07:47.642Z] Got response from /__/functions.yaml {"endpoints":{"createCheckoutSession":{"availableMemoryMb":null,"timeoutSeconds":null,"minInstances":null,"maxInstances":null,"ingressSettings":null,"concurrency":null,"serviceAccountEmail":null,"vpc":null,"platform":"gcfv2","labels":{},"callableTrigger":{},"entryPoint":"createCheckoutSession"}},"specVersion":"v1alpha1","requiredAPIs":[],"extensions":{}}
[info] i  extensions: ensuring required API firebaseextensions.googleapis.com is enabled... 
[debug] [2025-04-29T22:07:51.673Z] Checked if tokens are valid: true, expires at: 1745967477360
[debug] [2025-04-29T22:07:51.673Z] Checked if tokens are valid: true, expires at: 1745967477360
[debug] [2025-04-29T22:07:51.673Z] >>> [apiv2][query] GET https://serviceusage.googleapis.com/v1/projects/moonkyvet-88de4/services/firebaseextensions.googleapis.com [none]
[debug] [2025-04-29T22:07:51.673Z] >>> [apiv2][(partial)header] GET https://serviceusage.googleapis.com/v1/projects/moonkyvet-88de4/services/firebaseextensions.googleapis.com x-goog-quota-user=projects/moonkyvet-88de4
[debug] [2025-04-29T22:07:52.632Z] <<< [apiv2][status] GET https://serviceusage.googleapis.com/v1/projects/moonkyvet-88de4/services/firebaseextensions.googleapis.com 200
[debug] [2025-04-29T22:07:52.633Z] <<< [apiv2][body] GET https://serviceusage.googleapis.com/v1/projects/moonkyvet-88de4/services/firebaseextensions.googleapis.com [omitted]
[info] +  extensions: required API firebaseextensions.googleapis.com is enabled 
[debug] [2025-04-29T22:07:52.633Z] > command requires scopes: ["email","openid","https://www.googleapis.com/auth/cloudplatformprojects.readonly","https://www.googleapis.com/auth/firebase","https://www.googleapis.com/auth/cloud-platform"]
[debug] [2025-04-29T22:07:52.633Z] > authorizing via signed-in user (moonkyvet@gmail.com)
[debug] [2025-04-29T22:07:52.633Z] [iam] checking project moonkyvet-88de4 for permissions ["firebase.projects.get","firebaseextensions.instances.list"]
[debug] [2025-04-29T22:07:52.633Z] Checked if tokens are valid: true, expires at: 1745967477360
[debug] [2025-04-29T22:07:52.633Z] Checked if tokens are valid: true, expires at: 1745967477360
[debug] [2025-04-29T22:07:52.633Z] >>> [apiv2][query] POST https://cloudresourcemanager.googleapis.com/v1/projects/moonkyvet-88de4:testIamPermissions [none]
[debug] [2025-04-29T22:07:52.633Z] >>> [apiv2][(partial)header] POST https://cloudresourcemanager.googleapis.com/v1/projects/moonkyvet-88de4:testIamPermissions x-goog-quota-user=projects/moonkyvet-88de4
[debug] [2025-04-29T22:07:52.634Z] >>> [apiv2][body] POST https://cloudresourcemanager.googleapis.com/v1/projects/moonkyvet-88de4:testIamPermissions {"permissions":["firebase.projects.get","firebaseextensions.instances.list"]}
[debug] [2025-04-29T22:07:53.426Z] <<< [apiv2][status] POST https://cloudresourcemanager.googleapis.com/v1/projects/moonkyvet-88de4:testIamPermissions 200
[debug] [2025-04-29T22:07:53.427Z] <<< [apiv2][body] POST https://cloudresourcemanager.googleapis.com/v1/projects/moonkyvet-88de4:testIamPermissions {"permissions":["firebase.projects.get","firebaseextensions.instances.list"]}
[debug] [2025-04-29T22:07:53.427Z] Checked if tokens are valid: true, expires at: 1745967477360
[debug] [2025-04-29T22:07:53.427Z] Checked if tokens are valid: true, expires at: 1745967477360
[debug] [2025-04-29T22:07:53.427Z] >>> [apiv2][query] GET https://firebaseextensions.googleapis.com/v1beta/projects/moonkyvet-88de4/instances pageSize=100&pageToken=
[debug] [2025-04-29T22:07:54.331Z] <<< [apiv2][status] GET https://firebaseextensions.googleapis.com/v1beta/projects/moonkyvet-88de4/instances 200
[debug] [2025-04-29T22:07:54.331Z] <<< [apiv2][body] GET https://firebaseextensions.googleapis.com/v1beta/projects/moonkyvet-88de4/instances {}
[info] i  functions: preparing functions directory for uploading... 
[info] i  functions: packaged C:\Users\asus\AndroidStudioProjects\MoonkyVet\functions (62.21 KB) for uploading 
[debug] [2025-04-29T22:07:54.365Z] Checked if tokens are valid: true, expires at: 1745967477360
[debug] [2025-04-29T22:07:54.366Z] Checked if tokens are valid: true, expires at: 1745967477360
[debug] [2025-04-29T22:07:54.366Z] >>> [apiv2][query] GET https://cloudfunctions.googleapis.com/v1/projects/moonkyvet-88de4/locations/-/functions [none]
[debug] [2025-04-29T22:07:54.985Z] <<< [apiv2][status] GET https://cloudfunctions.googleapis.com/v1/projects/moonkyvet-88de4/locations/-/functions 200
[debug] [2025-04-29T22:07:54.985Z] <<< [apiv2][body] GET https://cloudfunctions.googleapis.com/v1/projects/moonkyvet-88de4/locations/-/functions {}
[debug] [2025-04-29T22:07:54.986Z] Checked if tokens are valid: true, expires at: 1745967477360
[debug] [2025-04-29T22:07:54.986Z] Checked if tokens are valid: true, expires at: 1745967477360
[debug] [2025-04-29T22:07:54.986Z] >>> [apiv2][query] GET https://cloudfunctions.googleapis.com/v2/projects/moonkyvet-88de4/locations/-/functions filter=environment%3D%22GEN_2%22
[debug] [2025-04-29T22:07:56.031Z] <<< [apiv2][status] GET https://cloudfunctions.googleapis.com/v2/projects/moonkyvet-88de4/locations/-/functions 200
[debug] [2025-04-29T22:07:56.031Z] <<< [apiv2][body] GET https://cloudfunctions.googleapis.com/v2/projects/moonkyvet-88de4/locations/-/functions {}
[info] i  functions: ensuring required API run.googleapis.com is enabled... 
[debug] [2025-04-29T22:07:56.032Z] Checked if tokens are valid: true, expires at: 1745967477360
[debug] [2025-04-29T22:07:56.033Z] Checked if tokens are valid: true, expires at: 1745967477360
[info] i  functions: ensuring required API eventarc.googleapis.com is enabled... 
[debug] [2025-04-29T22:07:56.033Z] Checked if tokens are valid: true, expires at: 1745967477360
[debug] [2025-04-29T22:07:56.033Z] Checked if tokens are valid: true, expires at: 1745967477360
[info] i  functions: ensuring required API pubsub.googleapis.com is enabled... 
[debug] [2025-04-29T22:07:56.033Z] Checked if tokens are valid: true, expires at: 1745967477360
[debug] [2025-04-29T22:07:56.033Z] Checked if tokens are valid: true, expires at: 1745967477360
[info] i  functions: ensuring required API storage.googleapis.com is enabled... 
[debug] [2025-04-29T22:07:56.034Z] Checked if tokens are valid: true, expires at: 1745967477360
[debug] [2025-04-29T22:07:56.034Z] Checked if tokens are valid: true, expires at: 1745967477360
[debug] [2025-04-29T22:07:56.034Z] >>> [apiv2][query] GET https://serviceusage.googleapis.com/v1/projects/moonkyvet-88de4/services/run.googleapis.com [none]
[debug] [2025-04-29T22:07:56.034Z] >>> [apiv2][(partial)header] GET https://serviceusage.googleapis.com/v1/projects/moonkyvet-88de4/services/run.googleapis.com x-goog-quota-user=projects/moonkyvet-88de4
[debug] [2025-04-29T22:07:56.034Z] >>> [apiv2][query] GET https://serviceusage.googleapis.com/v1/projects/moonkyvet-88de4/services/eventarc.googleapis.com [none]
[debug] [2025-04-29T22:07:56.034Z] >>> [apiv2][(partial)header] GET https://serviceusage.googleapis.com/v1/projects/moonkyvet-88de4/services/eventarc.googleapis.com x-goog-quota-user=projects/moonkyvet-88de4
[debug] [2025-04-29T22:07:56.035Z] >>> [apiv2][query] GET https://serviceusage.googleapis.com/v1/projects/moonkyvet-88de4/services/pubsub.googleapis.com [none]
[debug] [2025-04-29T22:07:56.035Z] >>> [apiv2][(partial)header] GET https://serviceusage.googleapis.com/v1/projects/moonkyvet-88de4/services/pubsub.googleapis.com x-goog-quota-user=projects/moonkyvet-88de4
[debug] [2025-04-29T22:07:56.037Z] >>> [apiv2][query] GET https://serviceusage.googleapis.com/v1/projects/moonkyvet-88de4/services/storage.googleapis.com [none]
[debug] [2025-04-29T22:07:56.037Z] >>> [apiv2][(partial)header] GET https://serviceusage.googleapis.com/v1/projects/moonkyvet-88de4/services/storage.googleapis.com x-goog-quota-user=projects/moonkyvet-88de4
[debug] [2025-04-29T22:07:56.423Z] <<< [apiv2][status] GET https://serviceusage.googleapis.com/v1/projects/moonkyvet-88de4/services/run.googleapis.com 200
[debug] [2025-04-29T22:07:56.423Z] <<< [apiv2][body] GET https://serviceusage.googleapis.com/v1/projects/moonkyvet-88de4/services/run.googleapis.com [omitted]
[info] +  functions: required API run.googleapis.com is enabled 
[debug] [2025-04-29T22:07:56.997Z] <<< [apiv2][status] GET https://serviceusage.googleapis.com/v1/projects/moonkyvet-88de4/services/pubsub.googleapis.com 200
[debug] [2025-04-29T22:07:56.998Z] <<< [apiv2][body] GET https://serviceusage.googleapis.com/v1/projects/moonkyvet-88de4/services/pubsub.googleapis.com [omitted]
[info] +  functions: required API pubsub.googleapis.com is enabled 
[debug] [2025-04-29T22:07:57.010Z] <<< [apiv2][status] GET https://serviceusage.googleapis.com/v1/projects/moonkyvet-88de4/services/storage.googleapis.com 200
[debug] [2025-04-29T22:07:57.010Z] <<< [apiv2][body] GET https://serviceusage.googleapis.com/v1/projects/moonkyvet-88de4/services/storage.googleapis.com [omitted]
[info] +  functions: required API storage.googleapis.com is enabled 
[debug] [2025-04-29T22:07:57.012Z] <<< [apiv2][status] GET https://serviceusage.googleapis.com/v1/projects/moonkyvet-88de4/services/eventarc.googleapis.com 200
[debug] [2025-04-29T22:07:57.012Z] <<< [apiv2][body] GET https://serviceusage.googleapis.com/v1/projects/moonkyvet-88de4/services/eventarc.googleapis.com [omitted]
[info] +  functions: required API eventarc.googleapis.com is enabled 
[info] i  functions: generating the service identity for pubsub.googleapis.com... 
[debug] [2025-04-29T22:07:57.013Z] Checked if tokens are valid: true, expires at: 1745967477360
[debug] [2025-04-29T22:07:57.013Z] Checked if tokens are valid: true, expires at: 1745967477360
[info] i  functions: generating the service identity for eventarc.googleapis.com... 
[debug] [2025-04-29T22:07:57.013Z] Checked if tokens are valid: true, expires at: 1745967477360
[debug] [2025-04-29T22:07:57.013Z] Checked if tokens are valid: true, expires at: 1745967477360
[debug] [2025-04-29T22:07:57.014Z] >>> [apiv2][query] POST https://serviceusage.googleapis.com/v1beta1/projects/67832849622/services/pubsub.googleapis.com:generateServiceIdentity [none]
[debug] [2025-04-29T22:07:57.014Z] >>> [apiv2][query] POST https://serviceusage.googleapis.com/v1beta1/projects/67832849622/services/eventarc.googleapis.com:generateServiceIdentity [none]
[debug] [2025-04-29T22:07:57.405Z] <<< [apiv2][status] POST https://serviceusage.googleapis.com/v1beta1/projects/67832849622/services/pubsub.googleapis.com:generateServiceIdentity 200
[debug] [2025-04-29T22:07:57.405Z] <<< [apiv2][body] POST https://serviceusage.googleapis.com/v1beta1/projects/67832849622/services/pubsub.googleapis.com:generateServiceIdentity {"name":"operations/finished.DONE_OPERATION","done":true,"response":{"@type":"type.googleapis.com/google.api.serviceusage.v1beta1.ServiceIdentity","email":"service-67832849622@gcp-sa-pubsub.iam.gserviceaccount.com","uniqueId":"113459262626728216194"}}
[debug] [2025-04-29T22:07:57.428Z] <<< [apiv2][status] POST https://serviceusage.googleapis.com/v1beta1/projects/67832849622/services/eventarc.googleapis.com:generateServiceIdentity 200
[debug] [2025-04-29T22:07:57.428Z] <<< [apiv2][body] POST https://serviceusage.googleapis.com/v1beta1/projects/67832849622/services/eventarc.googleapis.com:generateServiceIdentity {"name":"operations/finished.DONE_OPERATION","done":true,"response":{"@type":"type.googleapis.com/google.api.serviceusage.v1beta1.ServiceIdentity","email":"service-67832849622@gcp-sa-eventarc.iam.gserviceaccount.com","uniqueId":"102098007248970050874"}}
[debug] [2025-04-29T22:07:57.429Z] Checked if tokens are valid: true, expires at: 1745967477360
[debug] [2025-04-29T22:07:57.429Z] Checked if tokens are valid: true, expires at: 1745967477360
[debug] [2025-04-29T22:07:57.430Z] >>> [apiv2][query] GET https://cloudresourcemanager.googleapis.com/v1/projects/moonkyvet-88de4 [none]
[debug] [2025-04-29T22:07:57.631Z] <<< [apiv2][status] GET https://cloudresourcemanager.googleapis.com/v1/projects/moonkyvet-88de4 200
[debug] [2025-04-29T22:07:57.631Z] <<< [apiv2][body] GET https://cloudresourcemanager.googleapis.com/v1/projects/moonkyvet-88de4 {"projectNumber":"67832849622","projectId":"moonkyvet-88de4","lifecycleState":"ACTIVE","name":"MoonkyVet","labels":{"firebase":"enabled","firebase-core":"disabled"},"createTime":"2025-04-22T09:12:07.694599Z"}
[debug] [2025-04-29T22:07:57.632Z] Checked if tokens are valid: true, expires at: 1745967477360
[debug] [2025-04-29T22:07:57.632Z] Checked if tokens are valid: true, expires at: 1745967477360
[debug] [2025-04-29T22:07:57.632Z] >>> [apiv2][query] GET https://cloudbilling.googleapis.com/v1/projects/moonkyvet-88de4/billingInfo [none]
[debug] [2025-04-29T22:07:58.363Z] <<< [apiv2][status] GET https://cloudbilling.googleapis.com/v1/projects/moonkyvet-88de4/billingInfo 200
[debug] [2025-04-29T22:07:58.363Z] <<< [apiv2][body] GET https://cloudbilling.googleapis.com/v1/projects/moonkyvet-88de4/billingInfo {"name":"projects/moonkyvet-88de4/billingInfo","projectId":"moonkyvet-88de4","billingAccountName":"billingAccounts/01517C-3F335C-81A86D","billingEnabled":true}
[debug] [2025-04-29T22:07:58.364Z] Checked if tokens are valid: true, expires at: 1745967477360
[debug] [2025-04-29T22:07:58.364Z] Checked if tokens are valid: true, expires at: 1745967477360
[debug] [2025-04-29T22:07:58.364Z] >>> [apiv2][query] POST https://cloudfunctions.googleapis.com/v2/projects/moonkyvet-88de4/locations/us-central1/functions:generateUploadUrl [none]
[debug] [2025-04-29T22:07:59.442Z] <<< [apiv2][status] POST https://cloudfunctions.googleapis.com/v2/projects/moonkyvet-88de4/locations/us-central1/functions:generateUploadUrl 200
[debug] [2025-04-29T22:07:59.442Z] <<< [apiv2][body] POST https://cloudfunctions.googleapis.com/v2/projects/moonkyvet-88de4/locations/us-central1/functions:generateUploadUrl {"uploadUrl":"https://storage.googleapis.com/gcf-v2-uploads-67832849622.us-central1.cloudfunctions.appspot.com/e930266e-7a57-4ccb-9e0c-749f05da5ce3.zip?GoogleAccessId=service-67832849622@gcf-admin-robot.iam.gserviceaccount.com&Expires=1745966280&Signature=rJ7G6cDBEghdCogNw3gQEum8ZHuUBBNph9xYUfXsrvlXHTTijhgMCYrqWpMp6PwV9oqvPoMwDgUnWjr1pos7uDJR518vcZmSPAo%2B5KKglu%2BkxwuL1R8PnFc2hDqK9b02HGF12g4Wkuf4iuxjEVQSRiHglXKY9l8BjImy2uEtG83OJUBHx12tWveMLaWPmTasWBv1CcNmmOpVMl6kX7nsEs%2Ft5usKnRwNpMAiEvoWtn5oECB6BwwgweiKp8FB4%2FW536xdaZAgPF8uvUH3i989OMFZ0RAQC8VchQEz3W5BDeeZZ24jjRgDsb4%2FzQ4iOBCzInceiZfzRn1OFnXCkury7w%3D%3D","storageSource":{"bucket":"gcf-v2-uploads-67832849622.us-central1.cloudfunctions.appspot.com","object":"e930266e-7a57-4ccb-9e0c-749f05da5ce3.zip"}}
[debug] [2025-04-29T22:07:59.443Z] >>> [apiv2][query] PUT https://storage.googleapis.com/gcf-v2-uploads-67832849622.us-central1.cloudfunctions.appspot.com/e930266e-7a57-4ccb-9e0c-749f05da5ce3.zip GoogleAccessId=service-67832849622%40gcf-admin-robot.iam.gserviceaccount.com&Expires=1745966280&Signature=rJ7G6cDBEghdCogNw3gQEum8ZHuUBBNph9xYUfXsrvlXHTTijhgMCYrqWpMp6PwV9oqvPoMwDgUnWjr1pos7uDJR518vcZmSPAo%2B5KKglu%2BkxwuL1R8PnFc2hDqK9b02HGF12g4Wkuf4iuxjEVQSRiHglXKY9l8BjImy2uEtG83OJUBHx12tWveMLaWPmTasWBv1CcNmmOpVMl6kX7nsEs%2Ft5usKnRwNpMAiEvoWtn5oECB6BwwgweiKp8FB4%2FW536xdaZAgPF8uvUH3i989OMFZ0RAQC8VchQEz3W5BDeeZZ24jjRgDsb4%2FzQ4iOBCzInceiZfzRn1OFnXCkury7w%3D%3D
[debug] [2025-04-29T22:07:59.443Z] >>> [apiv2][body] PUT https://storage.googleapis.com/gcf-v2-uploads-67832849622.us-central1.cloudfunctions.appspot.com/e930266e-7a57-4ccb-9e0c-749f05da5ce3.zip [stream]
[debug] [2025-04-29T22:08:00.110Z] <<< [apiv2][status] PUT https://storage.googleapis.com/gcf-v2-uploads-67832849622.us-central1.cloudfunctions.appspot.com/e930266e-7a57-4ccb-9e0c-749f05da5ce3.zip 200
[debug] [2025-04-29T22:08:00.111Z] <<< [apiv2][body] PUT https://storage.googleapis.com/gcf-v2-uploads-67832849622.us-central1.cloudfunctions.appspot.com/e930266e-7a57-4ccb-9e0c-749f05da5ce3.zip [omitted]
[info] +  functions: functions folder uploaded successfully 
[info] i  functions: creating Node.js 18 (2nd Gen) function createCheckoutSession(us-central1)... 
[debug] [2025-04-29T22:08:00.115Z] Checked if tokens are valid: true, expires at: 1745967477360
[debug] [2025-04-29T22:08:00.115Z] Checked if tokens are valid: true, expires at: 1745967477360
[debug] [2025-04-29T22:08:00.115Z] >>> [apiv2][query] POST https://cloudfunctions.googleapis.com/v2/projects/moonkyvet-88de4/locations/us-central1/functions functionId=createCheckoutSession
[debug] [2025-04-29T22:08:00.115Z] >>> [apiv2][body] POST https://cloudfunctions.googleapis.com/v2/projects/moonkyvet-88de4/locations/us-central1/functions {"name":"projects/moonkyvet-88de4/locations/us-central1/functions/createCheckoutSession","buildConfig":{"runtime":"nodejs18","entryPoint":"createCheckoutSession","source":{"storageSource":{"bucket":"gcf-v2-uploads-67832849622.us-central1.cloudfunctions.appspot.com","object":"e930266e-7a57-4ccb-9e0c-749f05da5ce3.zip"}},"environmentVariables":{"GOOGLE_NODE_RUN_SCRIPTS":""}},"serviceConfig":{"environmentVariables":{"FIREBASE_CONFIG":"{\"projectId\":\"moonkyvet-88de4\",\"storageBucket\":\"moonkyvet-88de4.firebasestorage.app\"}","GCLOUD_PROJECT":"moonkyvet-88de4","EVENTARC_CLOUD_EVENT_SOURCE":"projects/moonkyvet-88de4/locations/us-central1/services/createCheckoutSession","FUNCTION_TARGET":"createCheckoutSession","LOG_EXECUTION_ID":"true"},"ingressSettings":null,"timeoutSeconds":null,"serviceAccountEmail":null,"availableMemory":"256Mi","minInstanceCount":null,"maxInstanceCount":null,"maxInstanceRequestConcurrency":80,"availableCpu":"1","vpcConnector":null,"vpcConnectorEgressSettings":null},"labels":{"deployment-tool":"cli-firebase","deployment-callable":"true","firebase-functions-hash":"bb4e1661add9066aa85497454d39497102e392c6"}}
[debug] [2025-04-29T22:08:01.360Z] <<< [apiv2][status] POST https://cloudfunctions.googleapis.com/v2/projects/moonkyvet-88de4/locations/us-central1/functions 200
[debug] [2025-04-29T22:08:01.360Z] <<< [apiv2][body] POST https://cloudfunctions.googleapis.com/v2/projects/moonkyvet-88de4/locations/us-central1/functions {"name":"projects/moonkyvet-88de4/locations/us-central1/operations/operation-1745964482222-633f208c0d8d5-dc3d6b91-70f30db8","metadata":{"@type":"type.googleapis.com/google.cloud.functions.v2.OperationMetadata","createTime":"2025-04-29T22:08:02.742033881Z","target":"projects/moonkyvet-88de4/locations/us-central1/functions/createCheckoutSession","verb":"create","cancelRequested":false,"apiVersion":"v2"},"done":false}
[debug] [2025-04-29T22:08:01.361Z] Checked if tokens are valid: true, expires at: 1745967477360
[debug] [2025-04-29T22:08:01.361Z] Checked if tokens are valid: true, expires at: 1745967477360
[debug] [2025-04-29T22:08:01.361Z] >>> [apiv2][query] GET https://cloudfunctions.googleapis.com/v2/projects/moonkyvet-88de4/locations/us-central1/operations/operation-1745964482222-633f208c0d8d5-dc3d6b91-70f30db8 [none]
[debug] [2025-04-29T22:08:02.077Z] <<< [apiv2][status] GET https://cloudfunctions.googleapis.com/v2/projects/moonkyvet-88de4/locations/us-central1/operations/operation-1745964482222-633f208c0d8d5-dc3d6b91-70f30db8 200
[debug] [2025-04-29T22:08:02.077Z] <<< [apiv2][body] GET https://cloudfunctions.googleapis.com/v2/projects/moonkyvet-88de4/locations/us-central1/operations/operation-1745964482222-633f208c0d8d5-dc3d6b91-70f30db8 {"name":"projects/moonkyvet-88de4/locations/us-central1/operations/operation-1745964482222-633f208c0d8d5-dc3d6b91-70f30db8","metadata":{"@type":"type.googleapis.com/google.cloud.functions.v2.OperationMetadata","createTime":"2025-04-29T22:08:02.742033881Z","target":"projects/moonkyvet-88de4/locations/us-central1/functions/createCheckoutSession","verb":"create","cancelRequested":false,"apiVersion":"v2","requestResource":{"@type":"type.googleapis.com/google.cloud.functions.v2.Function","name":"projects/moonkyvet-88de4/locations/us-central1/functions/createCheckoutSession","buildConfig":{"runtime":"nodejs18","entryPoint":"createCheckoutSession","source":{"storageSource":{"bucket":"gcf-v2-sources-67832849622-us-central1","object":"createCheckoutSession/function-source.zip","generation":"1745964482514304"}},"environmentVariables":{"GOOGLE_NODE_RUN_SCRIPTS":""},"serviceAccount":"projects/moonkyvet-88de4/serviceAccounts/67832849622-compute@developer.gserviceaccount.com","automaticUpdatePolicy":{}},"serviceConfig":{"service":"projects/moonkyvet-88de4/locations/us-central1/services/createcheckoutsession","timeoutSeconds":60,"environmentVariables":{"FIREBASE_CONFIG":"{\"projectId\":\"moonkyvet-88de4\",\"storageBucket\":\"moonkyvet-88de4.firebasestorage.app\"}","GCLOUD_PROJECT":"moonkyvet-88de4","EVENTARC_CLOUD_EVENT_SOURCE":"projects/moonkyvet-88de4/locations/us-central1/services/createCheckoutSession","FUNCTION_TARGET":"createCheckoutSession","LOG_EXECUTION_ID":"true"},"ingressSettings":"ALLOW_ALL","serviceAccountEmail":"67832849622-compute@developer.gserviceaccount.com","availableMemory":"256Mi","maxInstanceRequestConcurrency":80,"availableCpu":"1"},"labels":{"deployment-tool":"cli-firebase","deployment-callable":"true","firebase-functions-hash":"bb4e1661add9066aa85497454d39497102e392c6"},"environment":"GEN_2"},"stages":[{"name":"BUILD","state":"NOT_STARTED","stateMessages":[{"severity":"WARNING","type":"BuildAnalysisWarning","message":"Node.js 18 is no longer supported by the Node.js community as of 30 April, 2025. Node.js 18 will be deprecated on 2025-04-30. We recommend you to upgrade to the latest version of Node.js as soon as possible."}]},{"name":"SERVICE","state":"NOT_STARTED"}],"operationType":"CREATE_FUNCTION"},"done":false}
[debug] [2025-04-29T22:08:02.579Z] [create-default-us-central1-createCheckoutSession] Retrying task index 0
[debug] [2025-04-29T22:08:02.580Z] Checked if tokens are valid: true, expires at: 1745967477360
[debug] [2025-04-29T22:08:02.580Z] Checked if tokens are valid: true, expires at: 1745967477360
[debug] [2025-04-29T22:08:02.580Z] >>> [apiv2][query] GET https://cloudfunctions.googleapis.com/v2/projects/moonkyvet-88de4/locations/us-central1/operations/operation-1745964482222-633f208c0d8d5-dc3d6b91-70f30db8 [none]
[debug] [2025-04-29T22:08:03.286Z] <<< [apiv2][status] GET https://cloudfunctions.googleapis.com/v2/projects/moonkyvet-88de4/locations/us-central1/operations/operation-1745964482222-633f208c0d8d5-dc3d6b91-70f30db8 200
[debug] [2025-04-29T22:08:03.286Z] <<< [apiv2][body] GET https://cloudfunctions.googleapis.com/v2/projects/moonkyvet-88de4/locations/us-central1/operations/operation-1745964482222-633f208c0d8d5-dc3d6b91-70f30db8 {"name":"projects/moonkyvet-88de4/locations/us-central1/operations/operation-1745964482222-633f208c0d8d5-dc3d6b91-70f30db8","metadata":{"@type":"type.googleapis.com/google.cloud.functions.v2.OperationMetadata","createTime":"2025-04-29T22:08:02.742033881Z","target":"projects/moonkyvet-88de4/locations/us-central1/functions/createCheckoutSession","verb":"create","cancelRequested":false,"apiVersion":"v2","requestResource":{"@type":"type.googleapis.com/google.cloud.functions.v2.Function","name":"projects/moonkyvet-88de4/locations/us-central1/functions/createCheckoutSession","buildConfig":{"runtime":"nodejs18","entryPoint":"createCheckoutSession","source":{"storageSource":{"bucket":"gcf-v2-sources-67832849622-us-central1","object":"createCheckoutSession/function-source.zip","generation":"1745964482514304"}},"environmentVariables":{"GOOGLE_NODE_RUN_SCRIPTS":""},"serviceAccount":"projects/moonkyvet-88de4/serviceAccounts/67832849622-compute@developer.gserviceaccount.com","automaticUpdatePolicy":{}},"serviceConfig":{"service":"projects/moonkyvet-88de4/locations/us-central1/services/createcheckoutsession","timeoutSeconds":60,"environmentVariables":{"FIREBASE_CONFIG":"{\"projectId\":\"moonkyvet-88de4\",\"storageBucket\":\"moonkyvet-88de4.firebasestorage.app\"}","GCLOUD_PROJECT":"moonkyvet-88de4","EVENTARC_CLOUD_EVENT_SOURCE":"projects/moonkyvet-88de4/locations/us-central1/services/createCheckoutSession","FUNCTION_TARGET":"createCheckoutSession","LOG_EXECUTION_ID":"true"},"ingressSettings":"ALLOW_ALL","serviceAccountEmail":"67832849622-compute@developer.gserviceaccount.com","availableMemory":"256Mi","maxInstanceRequestConcurrency":80,"availableCpu":"1"},"labels":{"deployment-tool":"cli-firebase","deployment-callable":"true","firebase-functions-hash":"bb4e1661add9066aa85497454d39497102e392c6"},"environment":"GEN_2"},"stages":[{"name":"BUILD","message":"Build in progress","state":"IN_PROGRESS","resource":"projects/67832849622/locations/us-central1/builds/c811daf4-e04b-4bac-8677-1bfc0513541a","resourceUri":"https://console.cloud.google.com/cloud-build/builds;region=us-central1/c811daf4-e04b-4bac-8677-1bfc0513541a?project=67832849622"},{"name":"SERVICE","state":"NOT_STARTED"}],"operationType":"CREATE_FUNCTION","buildName":"projects/67832849622/locations/us-central1/builds/c811daf4-e04b-4bac-8677-1bfc0513541a"},"done":false}
[debug] [2025-04-29T22:08:04.298Z] [create-default-us-central1-createCheckoutSession] Retrying task index 0
[debug] [2025-04-29T22:08:04.298Z] Checked if tokens are valid: true, expires at: 1745967477360
[debug] [2025-04-29T22:08:04.299Z] Checked if tokens are valid: true, expires at: 1745967477360
[debug] [2025-04-29T22:08:04.299Z] >>> [apiv2][query] GET https://cloudfunctions.googleapis.com/v2/projects/moonkyvet-88de4/locations/us-central1/operations/operation-1745964482222-633f208c0d8d5-dc3d6b91-70f30db8 [none]
[debug] [2025-04-29T22:08:05.003Z] <<< [apiv2][status] GET https://cloudfunctions.googleapis.com/v2/projects/moonkyvet-88de4/locations/us-central1/operations/operation-1745964482222-633f208c0d8d5-dc3d6b91-70f30db8 200
[debug] [2025-04-29T22:08:05.003Z] <<< [apiv2][body] GET https://cloudfunctions.googleapis.com/v2/projects/moonkyvet-88de4/locations/us-central1/operations/operation-1745964482222-633f208c0d8d5-dc3d6b91-70f30db8 {"name":"projects/moonkyvet-88de4/locations/us-central1/operations/operation-1745964482222-633f208c0d8d5-dc3d6b91-70f30db8","metadata":{"@type":"type.googleapis.com/google.cloud.functions.v2.OperationMetadata","createTime":"2025-04-29T22:08:02.742033881Z","target":"projects/moonkyvet-88de4/locations/us-central1/functions/createCheckoutSession","verb":"create","cancelRequested":false,"apiVersion":"v2","requestResource":{"@type":"type.googleapis.com/google.cloud.functions.v2.Function","name":"projects/moonkyvet-88de4/locations/us-central1/functions/createCheckoutSession","buildConfig":{"runtime":"nodejs18","entryPoint":"createCheckoutSession","source":{"storageSource":{"bucket":"gcf-v2-sources-67832849622-us-central1","object":"createCheckoutSession/function-source.zip","generation":"1745964482514304"}},"environmentVariables":{"GOOGLE_NODE_RUN_SCRIPTS":""},"serviceAccount":"projects/moonkyvet-88de4/serviceAccounts/67832849622-compute@developer.gserviceaccount.com","automaticUpdatePolicy":{}},"serviceConfig":{"service":"projects/moonkyvet-88de4/locations/us-central1/services/createcheckoutsession","timeoutSeconds":60,"environmentVariables":{"FIREBASE_CONFIG":"{\"projectId\":\"moonkyvet-88de4\",\"storageBucket\":\"moonkyvet-88de4.firebasestorage.app\"}","GCLOUD_PROJECT":"moonkyvet-88de4","EVENTARC_CLOUD_EVENT_SOURCE":"projects/moonkyvet-88de4/locations/us-central1/services/createCheckoutSession","FUNCTION_TARGET":"createCheckoutSession","LOG_EXECUTION_ID":"true"},"ingressSettings":"ALLOW_ALL","serviceAccountEmail":"67832849622-compute@developer.gserviceaccount.com","availableMemory":"256Mi","maxInstanceRequestConcurrency":80,"availableCpu":"1"},"labels":{"deployment-tool":"cli-firebase","deployment-callable":"true","firebase-functions-hash":"bb4e1661add9066aa85497454d39497102e392c6"},"environment":"GEN_2"},"stages":[{"name":"BUILD","message":"Build in progress","state":"IN_PROGRESS","resource":"projects/67832849622/locations/us-central1/builds/c811daf4-e04b-4bac-8677-1bfc0513541a","resourceUri":"https://console.cloud.google.com/cloud-build/builds;region=us-central1/c811daf4-e04b-4bac-8677-1bfc0513541a?project=67832849622"},{"name":"SERVICE","state":"NOT_STARTED"}],"operationType":"CREATE_FUNCTION","buildName":"projects/67832849622/locations/us-central1/builds/c811daf4-e04b-4bac-8677-1bfc0513541a"},"done":false}
[debug] [2025-04-29T22:08:07.013Z] [create-default-us-central1-createCheckoutSession] Retrying task index 0
[debug] [2025-04-29T22:08:07.014Z] Checked if tokens are valid: true, expires at: 1745967477360
[debug] [2025-04-29T22:08:07.014Z] Checked if tokens are valid: true, expires at: 1745967477360
[debug] [2025-04-29T22:08:07.014Z] >>> [apiv2][query] GET https://cloudfunctions.googleapis.com/v2/projects/moonkyvet-88de4/locations/us-central1/operations/operation-1745964482222-633f208c0d8d5-dc3d6b91-70f30db8 [none]
[debug] [2025-04-29T22:08:07.740Z] <<< [apiv2][status] GET https://cloudfunctions.googleapis.com/v2/projects/moonkyvet-88de4/locations/us-central1/operations/operation-1745964482222-633f208c0d8d5-dc3d6b91-70f30db8 200
[debug] [2025-04-29T22:08:07.740Z] <<< [apiv2][body] GET https://cloudfunctions.googleapis.com/v2/projects/moonkyvet-88de4/locations/us-central1/operations/operation-1745964482222-633f208c0d8d5-dc3d6b91-70f30db8 {"name":"projects/moonkyvet-88de4/locations/us-central1/operations/operation-1745964482222-633f208c0d8d5-dc3d6b91-70f30db8","metadata":{"@type":"type.googleapis.com/google.cloud.functions.v2.OperationMetadata","createTime":"2025-04-29T22:08:02.742033881Z","target":"projects/moonkyvet-88de4/locations/us-central1/functions/createCheckoutSession","verb":"create","cancelRequested":false,"apiVersion":"v2","requestResource":{"@type":"type.googleapis.com/google.cloud.functions.v2.Function","name":"projects/moonkyvet-88de4/locations/us-central1/functions/createCheckoutSession","buildConfig":{"runtime":"nodejs18","entryPoint":"createCheckoutSession","source":{"storageSource":{"bucket":"gcf-v2-sources-67832849622-us-central1","object":"createCheckoutSession/function-source.zip","generation":"1745964482514304"}},"environmentVariables":{"GOOGLE_NODE_RUN_SCRIPTS":""},"serviceAccount":"projects/moonkyvet-88de4/serviceAccounts/67832849622-compute@developer.gserviceaccount.com","automaticUpdatePolicy":{}},"serviceConfig":{"service":"projects/moonkyvet-88de4/locations/us-central1/services/createcheckoutsession","timeoutSeconds":60,"environmentVariables":{"FIREBASE_CONFIG":"{\"projectId\":\"moonkyvet-88de4\",\"storageBucket\":\"moonkyvet-88de4.firebasestorage.app\"}","GCLOUD_PROJECT":"moonkyvet-88de4","EVENTARC_CLOUD_EVENT_SOURCE":"projects/moonkyvet-88de4/locations/us-central1/services/createCheckoutSession","FUNCTION_TARGET":"createCheckoutSession","LOG_EXECUTION_ID":"true"},"ingressSettings":"ALLOW_ALL","serviceAccountEmail":"67832849622-compute@developer.gserviceaccount.com","availableMemory":"256Mi","maxInstanceRequestConcurrency":80,"availableCpu":"1"},"labels":{"deployment-tool":"cli-firebase","deployment-callable":"true","firebase-functions-hash":"bb4e1661add9066aa85497454d39497102e392c6"},"environment":"GEN_2"},"stages":[{"name":"BUILD","message":"Build in progress","state":"IN_PROGRESS","resource":"projects/67832849622/locations/us-central1/builds/c811daf4-e04b-4bac-8677-1bfc0513541a","resourceUri":"https://console.cloud.google.com/cloud-build/builds;region=us-central1/c811daf4-e04b-4bac-8677-1bfc0513541a?project=67832849622"},{"name":"SERVICE","state":"NOT_STARTED"}],"operationType":"CREATE_FUNCTION","buildName":"projects/67832849622/locations/us-central1/builds/c811daf4-e04b-4bac-8677-1bfc0513541a"},"done":false}
[debug] [2025-04-29T22:08:11.754Z] [create-default-us-central1-createCheckoutSession] Retrying task index 0
[debug] [2025-04-29T22:08:11.754Z] Checked if tokens are valid: true, expires at: 1745967477360
[debug] [2025-04-29T22:08:11.754Z] Checked if tokens are valid: true, expires at: 1745967477360
[debug] [2025-04-29T22:08:11.755Z] >>> [apiv2][query] GET https://cloudfunctions.googleapis.com/v2/projects/moonkyvet-88de4/locations/us-central1/operations/operation-1745964482222-633f208c0d8d5-dc3d6b91-70f30db8 [none]
[debug] [2025-04-29T22:08:12.455Z] <<< [apiv2][status] GET https://cloudfunctions.googleapis.com/v2/projects/moonkyvet-88de4/locations/us-central1/operations/operation-1745964482222-633f208c0d8d5-dc3d6b91-70f30db8 200
[debug] [2025-04-29T22:08:12.455Z] <<< [apiv2][body] GET https://cloudfunctions.googleapis.com/v2/projects/moonkyvet-88de4/locations/us-central1/operations/operation-1745964482222-633f208c0d8d5-dc3d6b91-70f30db8 {"name":"projects/moonkyvet-88de4/locations/us-central1/operations/operation-1745964482222-633f208c0d8d5-dc3d6b91-70f30db8","metadata":{"@type":"type.googleapis.com/google.cloud.functions.v2.OperationMetadata","createTime":"2025-04-29T22:08:02.742033881Z","target":"projects/moonkyvet-88de4/locations/us-central1/functions/createCheckoutSession","verb":"create","cancelRequested":false,"apiVersion":"v2","requestResource":{"@type":"type.googleapis.com/google.cloud.functions.v2.Function","name":"projects/moonkyvet-88de4/locations/us-central1/functions/createCheckoutSession","buildConfig":{"runtime":"nodejs18","entryPoint":"createCheckoutSession","source":{"storageSource":{"bucket":"gcf-v2-sources-67832849622-us-central1","object":"createCheckoutSession/function-source.zip","generation":"1745964482514304"}},"environmentVariables":{"GOOGLE_NODE_RUN_SCRIPTS":""},"serviceAccount":"projects/moonkyvet-88de4/serviceAccounts/67832849622-compute@developer.gserviceaccount.com","automaticUpdatePolicy":{}},"serviceConfig":{"service":"projects/moonkyvet-88de4/locations/us-central1/services/createcheckoutsession","timeoutSeconds":60,"environmentVariables":{"FIREBASE_CONFIG":"{\"projectId\":\"moonkyvet-88de4\",\"storageBucket\":\"moonkyvet-88de4.firebasestorage.app\"}","GCLOUD_PROJECT":"moonkyvet-88de4","EVENTARC_CLOUD_EVENT_SOURCE":"projects/moonkyvet-88de4/locations/us-central1/services/createCheckoutSession","FUNCTION_TARGET":"createCheckoutSession","LOG_EXECUTION_ID":"true"},"ingressSettings":"ALLOW_ALL","serviceAccountEmail":"67832849622-compute@developer.gserviceaccount.com","availableMemory":"256Mi","maxInstanceRequestConcurrency":80,"availableCpu":"1"},"labels":{"deployment-tool":"cli-firebase","deployment-callable":"true","firebase-functions-hash":"bb4e1661add9066aa85497454d39497102e392c6"},"environment":"GEN_2"},"stages":[{"name":"BUILD","message":"Build in progress","state":"IN_PROGRESS","resource":"projects/67832849622/locations/us-central1/builds/c811daf4-e04b-4bac-8677-1bfc0513541a","resourceUri":"https://console.cloud.google.com/cloud-build/builds;region=us-central1/c811daf4-e04b-4bac-8677-1bfc0513541a?project=67832849622"},{"name":"SERVICE","state":"NOT_STARTED"}],"operationType":"CREATE_FUNCTION","buildName":"projects/67832849622/locations/us-central1/builds/c811daf4-e04b-4bac-8677-1bfc0513541a"},"done":false}
[debug] [2025-04-29T22:08:20.469Z] [create-default-us-central1-createCheckoutSession] Retrying task index 0
[debug] [2025-04-29T22:08:20.469Z] Checked if tokens are valid: true, expires at: 1745967477360
[debug] [2025-04-29T22:08:20.469Z] Checked if tokens are valid: true, expires at: 1745967477360
[debug] [2025-04-29T22:08:20.469Z] >>> [apiv2][query] GET https://cloudfunctions.googleapis.com/v2/projects/moonkyvet-88de4/locations/us-central1/operations/operation-1745964482222-633f208c0d8d5-dc3d6b91-70f30db8 [none]
[debug] [2025-04-29T22:08:21.211Z] <<< [apiv2][status] GET https://cloudfunctions.googleapis.com/v2/projects/moonkyvet-88de4/locations/us-central1/operations/operation-1745964482222-633f208c0d8d5-dc3d6b91-70f30db8 200
[debug] [2025-04-29T22:08:21.211Z] <<< [apiv2][body] GET https://cloudfunctions.googleapis.com/v2/projects/moonkyvet-88de4/locations/us-central1/operations/operation-1745964482222-633f208c0d8d5-dc3d6b91-70f30db8 {"name":"projects/moonkyvet-88de4/locations/us-central1/operations/operation-1745964482222-633f208c0d8d5-dc3d6b91-70f30db8","metadata":{"@type":"type.googleapis.com/google.cloud.functions.v2.OperationMetadata","createTime":"2025-04-29T22:08:02.742033881Z","target":"projects/moonkyvet-88de4/locations/us-central1/functions/createCheckoutSession","verb":"create","cancelRequested":false,"apiVersion":"v2","requestResource":{"@type":"type.googleapis.com/google.cloud.functions.v2.Function","name":"projects/moonkyvet-88de4/locations/us-central1/functions/createCheckoutSession","buildConfig":{"runtime":"nodejs18","entryPoint":"createCheckoutSession","source":{"storageSource":{"bucket":"gcf-v2-sources-67832849622-us-central1","object":"createCheckoutSession/function-source.zip","generation":"1745964482514304"}},"environmentVariables":{"GOOGLE_NODE_RUN_SCRIPTS":""},"serviceAccount":"projects/moonkyvet-88de4/serviceAccounts/67832849622-compute@developer.gserviceaccount.com","automaticUpdatePolicy":{}},"serviceConfig":{"service":"projects/moonkyvet-88de4/locations/us-central1/services/createcheckoutsession","timeoutSeconds":60,"environmentVariables":{"FIREBASE_CONFIG":"{\"projectId\":\"moonkyvet-88de4\",\"storageBucket\":\"moonkyvet-88de4.firebasestorage.app\"}","GCLOUD_PROJECT":"moonkyvet-88de4","EVENTARC_CLOUD_EVENT_SOURCE":"projects/moonkyvet-88de4/locations/us-central1/services/createCheckoutSession","FUNCTION_TARGET":"createCheckoutSession","LOG_EXECUTION_ID":"true"},"ingressSettings":"ALLOW_ALL","serviceAccountEmail":"67832849622-compute@developer.gserviceaccount.com","availableMemory":"256Mi","maxInstanceRequestConcurrency":80,"availableCpu":"1"},"labels":{"deployment-tool":"cli-firebase","deployment-callable":"true","firebase-functions-hash":"bb4e1661add9066aa85497454d39497102e392c6"},"environment":"GEN_2"},"stages":[{"name":"BUILD","message":"Build in progress","state":"IN_PROGRESS","resource":"projects/67832849622/locations/us-central1/builds/c811daf4-e04b-4bac-8677-1bfc0513541a","resourceUri":"https://console.cloud.google.com/cloud-build/builds;region=us-central1/c811daf4-e04b-4bac-8677-1bfc0513541a?project=67832849622"},{"name":"SERVICE","state":"NOT_STARTED"}],"operationType":"CREATE_FUNCTION","buildName":"projects/67832849622/locations/us-central1/builds/c811daf4-e04b-4bac-8677-1bfc0513541a"},"done":false}
[debug] [2025-04-29T22:08:31.222Z] [create-default-us-central1-createCheckoutSession] Retrying task index 0
[debug] [2025-04-29T22:08:31.223Z] Checked if tokens are valid: true, expires at: 1745967477360
[debug] [2025-04-29T22:08:31.223Z] Checked if tokens are valid: true, expires at: 1745967477360
[debug] [2025-04-29T22:08:31.223Z] >>> [apiv2][query] GET https://cloudfunctions.googleapis.com/v2/projects/moonkyvet-88de4/locations/us-central1/operations/operation-1745964482222-633f208c0d8d5-dc3d6b91-70f30db8 [none]
[debug] [2025-04-29T22:08:31.958Z] <<< [apiv2][status] GET https://cloudfunctions.googleapis.com/v2/projects/moonkyvet-88de4/locations/us-central1/operations/operation-1745964482222-633f208c0d8d5-dc3d6b91-70f30db8 200
[debug] [2025-04-29T22:08:31.958Z] <<< [apiv2][body] GET https://cloudfunctions.googleapis.com/v2/projects/moonkyvet-88de4/locations/us-central1/operations/operation-1745964482222-633f208c0d8d5-dc3d6b91-70f30db8 {"name":"projects/moonkyvet-88de4/locations/us-central1/operations/operation-1745964482222-633f208c0d8d5-dc3d6b91-70f30db8","metadata":{"@type":"type.googleapis.com/google.cloud.functions.v2.OperationMetadata","createTime":"2025-04-29T22:08:02.742033881Z","target":"projects/moonkyvet-88de4/locations/us-central1/functions/createCheckoutSession","verb":"create","cancelRequested":false,"apiVersion":"v2","requestResource":{"@type":"type.googleapis.com/google.cloud.functions.v2.Function","name":"projects/moonkyvet-88de4/locations/us-central1/functions/createCheckoutSession","buildConfig":{"runtime":"nodejs18","entryPoint":"createCheckoutSession","source":{"storageSource":{"bucket":"gcf-v2-sources-67832849622-us-central1","object":"createCheckoutSession/function-source.zip","generation":"1745964482514304"}},"environmentVariables":{"GOOGLE_NODE_RUN_SCRIPTS":""},"serviceAccount":"projects/moonkyvet-88de4/serviceAccounts/67832849622-compute@developer.gserviceaccount.com","automaticUpdatePolicy":{}},"serviceConfig":{"service":"projects/moonkyvet-88de4/locations/us-central1/services/createcheckoutsession","timeoutSeconds":60,"environmentVariables":{"FIREBASE_CONFIG":"{\"projectId\":\"moonkyvet-88de4\",\"storageBucket\":\"moonkyvet-88de4.firebasestorage.app\"}","GCLOUD_PROJECT":"moonkyvet-88de4","EVENTARC_CLOUD_EVENT_SOURCE":"projects/moonkyvet-88de4/locations/us-central1/services/createCheckoutSession","FUNCTION_TARGET":"createCheckoutSession","LOG_EXECUTION_ID":"true"},"ingressSettings":"ALLOW_ALL","serviceAccountEmail":"67832849622-compute@developer.gserviceaccount.com","availableMemory":"256Mi","maxInstanceRequestConcurrency":80,"availableCpu":"1"},"labels":{"deployment-tool":"cli-firebase","deployment-callable":"true","firebase-functions-hash":"bb4e1661add9066aa85497454d39497102e392c6"},"environment":"GEN_2"},"stages":[{"name":"BUILD","message":"Build in progress","state":"IN_PROGRESS","resource":"projects/67832849622/locations/us-central1/builds/c811daf4-e04b-4bac-8677-1bfc0513541a","resourceUri":"https://console.cloud.google.com/cloud-build/builds;region=us-central1/c811daf4-e04b-4bac-8677-1bfc0513541a?project=67832849622"},{"name":"SERVICE","state":"NOT_STARTED"}],"operationType":"CREATE_FUNCTION","buildName":"projects/67832849622/locations/us-central1/builds/c811daf4-e04b-4bac-8677-1bfc0513541a"},"done":false}
[debug] [2025-04-29T22:08:41.962Z] [create-default-us-central1-createCheckoutSession] Retrying task index 0
[debug] [2025-04-29T22:08:41.962Z] Checked if tokens are valid: true, expires at: 1745967477360
[debug] [2025-04-29T22:08:41.962Z] Checked if tokens are valid: true, expires at: 1745967477360
[debug] [2025-04-29T22:08:41.962Z] >>> [apiv2][query] GET https://cloudfunctions.googleapis.com/v2/projects/moonkyvet-88de4/locations/us-central1/operations/operation-1745964482222-633f208c0d8d5-dc3d6b91-70f30db8 [none]
[debug] [2025-04-29T22:08:42.695Z] <<< [apiv2][status] GET https://cloudfunctions.googleapis.com/v2/projects/moonkyvet-88de4/locations/us-central1/operations/operation-1745964482222-633f208c0d8d5-dc3d6b91-70f30db8 200
[debug] [2025-04-29T22:08:42.695Z] <<< [apiv2][body] GET https://cloudfunctions.googleapis.com/v2/projects/moonkyvet-88de4/locations/us-central1/operations/operation-1745964482222-633f208c0d8d5-dc3d6b91-70f30db8 {"name":"projects/moonkyvet-88de4/locations/us-central1/operations/operation-1745964482222-633f208c0d8d5-dc3d6b91-70f30db8","metadata":{"@type":"type.googleapis.com/google.cloud.functions.v2.OperationMetadata","createTime":"2025-04-29T22:08:02.742033881Z","target":"projects/moonkyvet-88de4/locations/us-central1/functions/createCheckoutSession","verb":"create","cancelRequested":false,"apiVersion":"v2","requestResource":{"@type":"type.googleapis.com/google.cloud.functions.v2.Function","name":"projects/moonkyvet-88de4/locations/us-central1/functions/createCheckoutSession","buildConfig":{"runtime":"nodejs18","entryPoint":"createCheckoutSession","source":{"storageSource":{"bucket":"gcf-v2-sources-67832849622-us-central1","object":"createCheckoutSession/function-source.zip","generation":"1745964482514304"}},"environmentVariables":{"GOOGLE_NODE_RUN_SCRIPTS":""},"serviceAccount":"projects/moonkyvet-88de4/serviceAccounts/67832849622-compute@developer.gserviceaccount.com","automaticUpdatePolicy":{}},"serviceConfig":{"service":"projects/moonkyvet-88de4/locations/us-central1/services/createcheckoutsession","timeoutSeconds":60,"environmentVariables":{"FIREBASE_CONFIG":"{\"projectId\":\"moonkyvet-88de4\",\"storageBucket\":\"moonkyvet-88de4.firebasestorage.app\"}","GCLOUD_PROJECT":"moonkyvet-88de4","EVENTARC_CLOUD_EVENT_SOURCE":"projects/moonkyvet-88de4/locations/us-central1/services/createCheckoutSession","FUNCTION_TARGET":"createCheckoutSession","LOG_EXECUTION_ID":"true"},"ingressSettings":"ALLOW_ALL","serviceAccountEmail":"67832849622-compute@developer.gserviceaccount.com","availableMemory":"256Mi","maxInstanceRequestConcurrency":80,"availableCpu":"1"},"labels":{"deployment-tool":"cli-firebase","deployment-callable":"true","firebase-functions-hash":"bb4e1661add9066aa85497454d39497102e392c6"},"environment":"GEN_2"},"stages":[{"name":"BUILD","message":"Build in progress","state":"IN_PROGRESS","resource":"projects/67832849622/locations/us-central1/builds/c811daf4-e04b-4bac-8677-1bfc0513541a","resourceUri":"https://console.cloud.google.com/cloud-build/builds;region=us-central1/c811daf4-e04b-4bac-8677-1bfc0513541a?project=67832849622"},{"name":"SERVICE","state":"NOT_STARTED"}],"operationType":"CREATE_FUNCTION","buildName":"projects/67832849622/locations/us-central1/builds/c811daf4-e04b-4bac-8677-1bfc0513541a"},"done":false}
[debug] [2025-04-29T22:08:52.697Z] [create-default-us-central1-createCheckoutSession] Retrying task index 0
[debug] [2025-04-29T22:08:52.698Z] Checked if tokens are valid: true, expires at: 1745967477360
[debug] [2025-04-29T22:08:52.698Z] Checked if tokens are valid: true, expires at: 1745967477360
[debug] [2025-04-29T22:08:52.698Z] >>> [apiv2][query] GET https://cloudfunctions.googleapis.com/v2/projects/moonkyvet-88de4/locations/us-central1/operations/operation-1745964482222-633f208c0d8d5-dc3d6b91-70f30db8 [none]
[debug] [2025-04-29T22:08:53.525Z] <<< [apiv2][status] GET https://cloudfunctions.googleapis.com/v2/projects/moonkyvet-88de4/locations/us-central1/operations/operation-1745964482222-633f208c0d8d5-dc3d6b91-70f30db8 200
[debug] [2025-04-29T22:08:53.525Z] <<< [apiv2][body] GET https://cloudfunctions.googleapis.com/v2/projects/moonkyvet-88de4/locations/us-central1/operations/operation-1745964482222-633f208c0d8d5-dc3d6b91-70f30db8 {"name":"projects/moonkyvet-88de4/locations/us-central1/operations/operation-1745964482222-633f208c0d8d5-dc3d6b91-70f30db8","metadata":{"@type":"type.googleapis.com/google.cloud.functions.v2.OperationMetadata","createTime":"2025-04-29T22:08:02.742033881Z","endTime":"2025-04-29T22:08:44.883328254Z","target":"projects/moonkyvet-88de4/locations/us-central1/functions/createCheckoutSession","verb":"create","cancelRequested":false,"apiVersion":"v2","requestResource":{"@type":"type.googleapis.com/google.cloud.functions.v2.Function","name":"projects/moonkyvet-88de4/locations/us-central1/functions/createCheckoutSession","buildConfig":{"runtime":"nodejs18","entryPoint":"createCheckoutSession","source":{"storageSource":{"bucket":"gcf-v2-sources-67832849622-us-central1","object":"createCheckoutSession/function-source.zip","generation":"1745964482514304"}},"environmentVariables":{"GOOGLE_NODE_RUN_SCRIPTS":""},"serviceAccount":"projects/moonkyvet-88de4/serviceAccounts/67832849622-compute@developer.gserviceaccount.com","automaticUpdatePolicy":{}},"serviceConfig":{"service":"projects/moonkyvet-88de4/locations/us-central1/services/createcheckoutsession","timeoutSeconds":60,"environmentVariables":{"FIREBASE_CONFIG":"{\"projectId\":\"moonkyvet-88de4\",\"storageBucket\":\"moonkyvet-88de4.firebasestorage.app\"}","GCLOUD_PROJECT":"moonkyvet-88de4","EVENTARC_CLOUD_EVENT_SOURCE":"projects/moonkyvet-88de4/locations/us-central1/services/createCheckoutSession","FUNCTION_TARGET":"createCheckoutSession","LOG_EXECUTION_ID":"true"},"ingressSettings":"ALLOW_ALL","serviceAccountEmail":"67832849622-compute@developer.gserviceaccount.com","availableMemory":"256Mi","maxInstanceRequestConcurrency":80,"availableCpu":"1"},"labels":{"deployment-tool":"cli-firebase","deployment-callable":"true","firebase-functions-hash":"bb4e1661add9066aa85497454d39497102e392c6"},"environment":"GEN_2"},"stages":[{"name":"ARTIFACT_REGISTRY","message":"Deleting function artifacts in Artifact Registry","state":"COMPLETE"},{"name":"SERVICE","message":"Deleting Cloud Run service","state":"COMPLETE","resource":"projects/moonkyvet-88de4/locations/us-central1/services/createcheckoutsession"}],"operationType":"CREATE_FUNCTION"},"done":true,"error":{"code":3,"message":"Build failed with status: FAILURE and message: npm error code EUSAGE\nnpm error\nnpm error `npm ci` can only install packages when your package.json and package-lock.json or npm-shrinkwrap.json are in sync. Please update your lock file with `npm install` before continuing.\nnpm error\nnpm error Invalid: lock file's firebase-admin@12.7.0 does not satisfy firebase-admin@11.11.1\nnpm error Invalid: lock file's firebase-functions@6.3.2 does not satisfy firebase-functions@4.9.0\nnpm error Missing: stripe@12.18.0 from lock file\nnpm error Invalid: lock file's @fastify/busboy@3.1.1 does not satisfy @fastify/busboy@1.2.1\nnpm error Invalid: lock file's @firebase/database-compat@1.0.8 does not satisfy @firebase/database-compat@0.3.4\nnpm error Invalid: lock file's @firebase/database-types@1.0.5 does not satisfy @firebase/database-types@0.10.4\nnpm error Invalid: lock file's @google-cloud/firestore@7.11.0 does not satisfy @google-cloud/firestore@6.8.0\nnpm error Invalid: lock file's @google-cloud/storage@7.16.0 does not satisfy @google-cloud/storage@6.12.0\nnpm error Invalid: lock file's uuid@10.0.0 does not satisfy uuid@9.0.1\nnpm error Missing: text-decoding@1.0.0 from lock file\nnpm error Invalid: lock file's @firebase/component@0.6.9 does not satisfy @firebase/component@0.6.4\nnpm error Invalid: lock file's @firebase/database@1.0.8 does not satisfy @firebase/database@0.14.4\nnpm error Invalid: lock file's @firebase/logger@0.4.2 does not satisfy @firebase/logger@0.4.0\nnpm error Invalid: lock file's @firebase/util@1.10.0 does not satisfy @firebase/util@1.9.3\nnpm error Invalid: lock file's @firebase/auth-interop-types@0.2.3 does not satisfy @firebase/auth-interop-types@0.2.1\nnpm error Invalid: lock file's @firebase/app-types@0.9.2 does not satisfy @firebase/app-types@0.9.0\nnpm error Invalid: lock file's google-gax@4.6.0 does not satisfy google-gax@3.6.1\nnpm error Invalid: lock file's @google-cloud/paginator@5.0.2 does not satisfy @google-cloud/paginator@3.0.7\nnpm error Invalid: lock file's @google-cloud/projectify@4.0.0 does not satisfy @google-cloud/projectify@3.0.0\nnpm error Invalid: lock file's @google-cloud/promisify@4.0.0 does not satisfy @google-cloud/promisify@3.0.1\nnpm error Missing: compressible@2.0.18 from lock file\nnpm error Missing: ent@2.2.2 from lock file\nnpm error Invalid: lock file's gaxios@6.7.1 does not satisfy gaxios@5.1.3\nnpm error Invalid: lock file's google-auth-library@9.15.1 does not satisfy google-auth-library@8.9.0\nnpm error Invalid: lock file's retry-request@7.0.2 does not satisfy retry-request@5.0.2\nnpm error Invalid: lock file's teeny-request@9.0.0 does not satisfy teeny-request@8.0.3\nnpm error Missing: punycode@1.4.1 from lock file\nnpm error Missing: safe-regex-test@1.1.0 from lock file\nnpm error Missing: @types/express@4.17.3 from lock file\nnpm error Invalid: lock file's https-proxy-agent@7.0.6 does not satisfy https-proxy-agent@5.0.1\nnpm error Missing: fast-text-encoding@1.0.6 from lock file\nnpm error Invalid: lock file's gcp-metadata@6.1.1 does not satisfy gcp-metadata@5.3.0\nnpm error Invalid: lock file's gtoken@7.1.0 does not satisfy gtoken@6.1.2\nnpm error Missing: lru-cache@6.0.0 from lock file\nnpm error Invalid: lock file's @grpc/grpc-js@1.13.3 does not satisfy @grpc/grpc-js@1.8.22\nnpm error Missing: @types/rimraf@3.0.2 from lock file\nnpm error Missing: is-stream-ended@0.1.4 from lock file\nnpm error Invalid: lock file's proto3-json-serializer@2.0.2 does not satisfy proto3-json-serializer@1.1.1\nnpm error Missing: protobufjs@7.2.4 from lock file\nnpm error Missing: protobufjs-cli@1.1.1 from lock file\nnpm error Missing: @types/glob@8.1.0 from lock file\nnpm error Missing: @types/minimatch@5.1.2 from lock file\nnpm error Missing: google-p12-pem@4.0.1 from lock file\nnpm error Invalid: lock file's agent-base@7.1.3 does not satisfy agent-base@6.0.2\nnpm error Missing: debug@4.4.0 from lock file\nnpm error Missing: escodegen@1.14.3 from lock file\nnpm error Missing: espree@9.6.1 from lock file\nnpm error Missing: estraverse@5.3.0 from lock file\nnpm error Missing: glob@8.1.0 from lock file\nnpm error Missing: jsdoc@4.0.4 from lock file\nnpm error Missing: minimist@1.2.8 from lock file\nnpm error Missing: semver@7.7.1 from lock file\nnpm error Missing: tmp@0.2.3 from lock file\nnpm error Missing: uglify-js@3.19.3 from lock file\nnpm error Missing: estraverse@4.3.0 from lock file\nnpm error Missing: esutils@2.0.3 from lock file\nnpm error Missing: optionator@0.8.3 from lock file\nnpm error Missing: acorn@8.14.1 from lock file\nnpm error Missing: acorn-jsx@5.3.2 from lock file\nnpm error Missing: eslint-visitor-keys@3.4.3 from lock file\nnpm error Missing: @jsdoc/salty@0.2.9 from lock file\nnpm error Missing: @types/markdown-it@14.1.2 from lock file\nnpm error Missing: bluebird@3.7.2 from lock file\nnpm error Missing: catharsis@0.9.0 from lock file\nnpm error Missing: js2xmlparser@4.0.2 from lock file\nnpm error Missing: klaw@3.0.0 from lock file\nnpm error Missing: markdown-it@14.1.0 from lock file\nnpm error Missing: markdown-it-anchor@8.6.7 from lock file\nnpm error Missing: marked@4.3.0 from lock file\nnpm error Missing: mkdirp@1.0.4 from lock file\nnpm error Missing: requizzle@0.2.4 from lock file\nnpm error Missing: underscore@1.13.7 from lock file\nnpm error Missing: @types/linkify-it@5.0.0 from lock file\nnpm error Missing: @types/mdurl@2.0.0 from lock file\nnpm error Missing: xmlcreate@2.0.4 from lock file\nnpm error Missing: argparse@2.0.1 from lock file\nnpm error Missing: entities@4.5.0 from lock file\nnpm error Missing: linkify-it@5.0.0 from lock file\nnpm error Missing: mdurl@2.0.0 from lock file\nnpm error Missing: punycode.js@2.3.1 from lock file\nnpm error Missing: uc.micro@2.1.0 from lock file\nnpm error Missing: deep-is@0.1.4 from lock file\nnpm error Missing: fast-levenshtein@2.0.6 from lock file\nnpm error Missing: levn@0.3.0 from lock file\nnpm error Missing: prelude-ls@1.1.2 from lock file\nnpm error Missing: type-check@0.3.2 from lock file\nnpm error Missing: word-wrap@1.2.5 from lock file\nnpm error Missing: debug@4.4.0 from lock file\nnpm error Missing: is-regex@1.2.1 from lock file\nnpm error Missing: ms@2.1.3 from lock file\nnpm error Missing: yallist@4.0.0 from lock file\nnpm error Missing: minimatch@5.1.6 from lock file\nnpm error Missing: brace-expansion@2.0.1 from lock file\nnpm error Missing: ms@2.1.3 from lock file\nnpm error\nnpm error Clean install a project\nnpm error\nnpm error Usage:\nnpm error npm ci\nnpm error\nnpm error Options:\nnpm error [--install-strategy <hoisted|nested|shallow|linked>] [--legacy-bundling]\nnpm error [--global-style] [--omit <dev|optional|peer> [--omit <dev|optional|peer> ...]]\nnpm error [--include <prod|dev|optional|peer> [--include <prod|dev|optional|peer> ...]]\nnpm error [--strict-peer-deps] [--foreground-scripts] [--ignore-scripts] [--no-audit]\nnpm error [--no-bin-links] [--no-fund] [--dry-run]\nnpm error [-w|--workspace <workspace-name> [-w|--workspace <workspace-name> ...]]\nnpm error [-ws|--workspaces] [--include-workspace-root] [--install-links]\nnpm error\nnpm error aliases: clean-install, ic, install-clean, isntall-clean\nnpm error\nnpm error Run \"npm help ci\" for more info\nnpm error A complete log of this run can be found in: /www-data-home/.npm/_logs/2025-04-29T22_08_21_796Z-debug-0.log. For more details see the logs at https://console.cloud.google.com/cloud-build/builds;region=us-central1/c811daf4-e04b-4bac-8677-1bfc0513541a?project=67832849622."}}
[debug] [2025-04-29T22:08:53.525Z] Got source token undefined for region us-central1
[error] Build failed with status: FAILURE and message: npm error code EUSAGE
npm error
npm error `npm ci` can only install packages when your package.json and package-lock.json or npm-shrinkwrap.json are in sync. Please update your lock file with `npm install` before continuing.
npm error
npm error Invalid: lock file's firebase-admin@12.7.0 does not satisfy firebase-admin@11.11.1
npm error Invalid: lock file's firebase-functions@6.3.2 does not satisfy firebase-functions@4.9.0
npm error Missing: stripe@12.18.0 from lock file
npm error Invalid: lock file's @fastify/busboy@3.1.1 does not satisfy @fastify/busboy@1.2.1
npm error Invalid: lock file's @firebase/database-compat@1.0.8 does not satisfy @firebase/database-compat@0.3.4
npm error Invalid: lock file's @firebase/database-types@1.0.5 does not satisfy @firebase/database-types@0.10.4
npm error Invalid: lock file's @google-cloud/firestore@7.11.0 does not satisfy @google-cloud/firestore@6.8.0
npm error Invalid: lock file's @google-cloud/storage@7.16.0 does not satisfy @google-cloud/storage@6.12.0
npm error Invalid: lock file's uuid@10.0.0 does not satisfy uuid@9.0.1
npm error Missing: text-decoding@1.0.0 from lock file
npm error Invalid: lock file's @firebase/component@0.6.9 does not satisfy @firebase/component@0.6.4
npm error Invalid: lock file's @firebase/database@1.0.8 does not satisfy @firebase/database@0.14.4
npm error Invalid: lock file's @firebase/logger@0.4.2 does not satisfy @firebase/logger@0.4.0
npm error Invalid: lock file's @firebase/util@1.10.0 does not satisfy @firebase/util@1.9.3
npm error Invalid: lock file's @firebase/auth-interop-types@0.2.3 does not satisfy @firebase/auth-interop-types@0.2.1
npm error Invalid: lock file's @firebase/app-types@0.9.2 does not satisfy @firebase/app-types@0.9.0
npm error Invalid: lock file's google-gax@4.6.0 does not satisfy google-gax@3.6.1
npm error Invalid: lock file's @google-cloud/paginator@5.0.2 does not satisfy @google-cloud/paginator@3.0.7
npm error Invalid: lock file's @google-cloud/projectify@4.0.0 does not satisfy @google-cloud/projectify@3.0.0
npm error Invalid: lock file's @google-cloud/promisify@4.0.0 does not satisfy @google-cloud/promisify@3.0.1
npm error Missing: compressible@2.0.18 from lock file
npm error Missing: ent@2.2.2 from lock file
npm error Invalid: lock file's gaxios@6.7.1 does not satisfy gaxios@5.1.3
npm error Invalid: lock file's google-auth-library@9.15.1 does not satisfy google-auth-library@8.9.0
npm error Invalid: lock file's retry-request@7.0.2 does not satisfy retry-request@5.0.2
npm error Invalid: lock file's teeny-request@9.0.0 does not satisfy teeny-request@8.0.3
npm error Missing: punycode@1.4.1 from lock file
npm error Missing: safe-regex-test@1.1.0 from lock file
npm error Missing: @types/express@4.17.3 from lock file
npm error Invalid: lock file's https-proxy-agent@7.0.6 does not satisfy https-proxy-agent@5.0.1
npm error Missing: fast-text-encoding@1.0.6 from lock file
npm error Invalid: lock file's gcp-metadata@6.1.1 does not satisfy gcp-metadata@5.3.0
npm error Invalid: lock file's gtoken@7.1.0 does not satisfy gtoken@6.1.2
npm error Missing: lru-cache@6.0.0 from lock file
npm error Invalid: lock file's @grpc/grpc-js@1.13.3 does not satisfy @grpc/grpc-js@1.8.22
npm error Missing: @types/rimraf@3.0.2 from lock file
npm error Missing: is-stream-ended@0.1.4 from lock file
npm error Invalid: lock file's proto3-json-serializer@2.0.2 does not satisfy proto3-json-serializer@1.1.1
npm error Missing: protobufjs@7.2.4 from lock file
npm error Missing: protobufjs-cli@1.1.1 from lock file
npm error Missing: @types/glob@8.1.0 from lock file
npm error Missing: @types/minimatch@5.1.2 from lock file
npm error Missing: google-p12-pem@4.0.1 from lock file
npm error Invalid: lock file's agent-base@7.1.3 does not satisfy agent-base@6.0.2
npm error Missing: debug@4.4.0 from lock file
npm error Missing: escodegen@1.14.3 from lock file
npm error Missing: espree@9.6.1 from lock file
npm error Missing: estraverse@5.3.0 from lock file
npm error Missing: glob@8.1.0 from lock file
npm error Missing: jsdoc@4.0.4 from lock file
npm error Missing: minimist@1.2.8 from lock file
npm error Missing: semver@7.7.1 from lock file
npm error Missing: tmp@0.2.3 from lock file
npm error Missing: uglify-js@3.19.3 from lock file
npm error Missing: estraverse@4.3.0 from lock file
npm error Missing: esutils@2.0.3 from lock file
npm error Missing: optionator@0.8.3 from lock file
npm error Missing: acorn@8.14.1 from lock file
npm error Missing: acorn-jsx@5.3.2 from lock file
npm error Missing: eslint-visitor-keys@3.4.3 from lock file
npm error Missing: @jsdoc/salty@0.2.9 from lock file
npm error Missing: @types/markdown-it@14.1.2 from lock file
npm error Missing: bluebird@3.7.2 from lock file
npm error Missing: catharsis@0.9.0 from lock file
npm error Missing: js2xmlparser@4.0.2 from lock file
npm error Missing: klaw@3.0.0 from lock file
npm error Missing: markdown-it@14.1.0 from lock file
npm error Missing: markdown-it-anchor@8.6.7 from lock file
npm error Missing: marked@4.3.0 from lock file
npm error Missing: mkdirp@1.0.4 from lock file
npm error Missing: requizzle@0.2.4 from lock file
npm error Missing: underscore@1.13.7 from lock file
npm error Missing: @types/linkify-it@5.0.0 from lock file
npm error Missing: @types/mdurl@2.0.0 from lock file
npm error Missing: xmlcreate@2.0.4 from lock file
npm error Missing: argparse@2.0.1 from lock file
npm error Missing: entities@4.5.0 from lock file
npm error Missing: linkify-it@5.0.0 from lock file
npm error Missing: mdurl@2.0.0 from lock file
npm error Missing: punycode.js@2.3.1 from lock file
npm error Missing: uc.micro@2.1.0 from lock file
npm error Missing: deep-is@0.1.4 from lock file
npm error Missing: fast-levenshtein@2.0.6 from lock file
npm error Missing: levn@0.3.0 from lock file
npm error Missing: prelude-ls@1.1.2 from lock file
npm error Missing: type-check@0.3.2 from lock file
npm error Missing: word-wrap@1.2.5 from lock file
npm error Missing: debug@4.4.0 from lock file
npm error Missing: is-regex@1.2.1 from lock file
npm error Missing: ms@2.1.3 from lock file
npm error Missing: yallist@4.0.0 from lock file
npm error Missing: minimatch@5.1.6 from lock file
npm error Missing: brace-expansion@2.0.1 from lock file
npm error Missing: ms@2.1.3 from lock file
npm error
npm error Clean install a project
npm error
npm error Usage:
npm error npm ci
npm error
npm error Options:
npm error [--install-strategy <hoisted|nested|shallow|linked>] [--legacy-bundling]
npm error [--global-style] [--omit <dev|optional|peer> [--omit <dev|optional|peer> ...]]
npm error [--include <prod|dev|optional|peer> [--include <prod|dev|optional|peer> ...]]
npm error [--strict-peer-deps] [--foreground-scripts] [--ignore-scripts] [--no-audit]
npm error [--no-bin-links] [--no-fund] [--dry-run]
npm error [-w|--workspace <workspace-name> [-w|--workspace <workspace-name> ...]]
npm error [-ws|--workspaces] [--include-workspace-root] [--install-links]
npm error
npm error aliases: clean-install, ic, install-clean, isntall-clean
npm error
npm error Run "npm help ci" for more info
npm error A complete log of this run can be found in: /www-data-home/.npm/_logs/2025-04-29T22_08_21_796Z-debug-0.log. For more details see the logs at https://console.cloud.google.com/cloud-build/builds;region=us-central1/c811daf4-e04b-4bac-8677-1bfc0513541a?project=67832849622.
[debug] [2025-04-29T22:08:53.537Z] Total Function Deployment time: 53416
[debug] [2025-04-29T22:08:53.537Z] 1 Functions Deployed
[debug] [2025-04-29T22:08:53.537Z] 1 Functions Errored
[debug] [2025-04-29T22:08:53.537Z] 0 Function Deployments Aborted
[debug] [2025-04-29T22:08:53.537Z] Average Function Deployment time: 53415
[info] 
[info] Functions deploy had errors with the following functions:
	createCheckoutSession(us-central1)
[debug] [2025-04-29T22:08:53.650Z] Checked if tokens are valid: true, expires at: 1745967477360
[debug] [2025-04-29T22:08:53.650Z] Checked if tokens are valid: true, expires at: 1745967477360
[debug] [2025-04-29T22:08:53.650Z] >>> [apiv2][query] GET https://artifactregistry.googleapis.com/v1/projects/moonkyvet-88de4/locations/us-central1/repositories/gcf-artifacts [none]
[debug] [2025-04-29T22:08:54.509Z] <<< [apiv2][status] GET https://artifactregistry.googleapis.com/v1/projects/moonkyvet-88de4/locations/us-central1/repositories/gcf-artifacts 200
[debug] [2025-04-29T22:08:54.509Z] <<< [apiv2][body] GET https://artifactregistry.googleapis.com/v1/projects/moonkyvet-88de4/locations/us-central1/repositories/gcf-artifacts {"name":"projects/moonkyvet-88de4/locations/us-central1/repositories/gcf-artifacts","format":"DOCKER","description":"This repository is created and used by Cloud Functions for storing function docker images.","labels":{"goog-managed-by":"cloudfunctions"},"createTime":"2025-04-29T22:04:15.951761Z","updateTime":"2025-04-29T22:04:53.330032Z","mode":"STANDARD_REPOSITORY","cleanupPolicies":{"firebase-functions-cleanup":{"id":"firebase-functions-cleanup","action":"DELETE","condition":{"tagState":"ANY","olderThan":"86400s"}}},"vulnerabilityScanningConfig":{"lastEnableTime":"2025-04-29T22:04:07.279664216Z","enablementState":"SCANNING_DISABLED","enablementStateReason":"API containerscanning.googleapis.com is not enabled."},"satisfiesPzi":true,"registryUri":"us-central1-docker.pkg.dev/moonkyvet-88de4/gcf-artifacts"}
[debug] [2025-04-29T22:08:54.509Z] Functions deploy failed.
[debug] [2025-04-29T22:08:54.509Z] {
  "endpoint": {
    "id": "createCheckoutSession",
    "project": "moonkyvet-88de4",
    "region": "us-central1",
    "entryPoint": "createCheckoutSession",
    "platform": "gcfv2",
    "runtime": "nodejs18",
    "callableTrigger": {},
    "labels": {
      "deployment-tool": "cli-firebase"
    },
    "serviceAccount": null,
    "ingressSettings": null,
    "availableMemoryMb": null,
    "timeoutSeconds": null,
    "maxInstances": null,
    "minInstances": null,
    "concurrency": 80,
    "vpc": null,
    "environmentVariables": {
      "FIREBASE_CONFIG": "{\"projectId\":\"moonkyvet-88de4\",\"storageBucket\":\"moonkyvet-88de4.firebasestorage.app\"}",
      "GCLOUD_PROJECT": "moonkyvet-88de4",
      "EVENTARC_CLOUD_EVENT_SOURCE": "projects/moonkyvet-88de4/locations/us-central1/services/createCheckoutSession"
    },
    "codebase": "default",
    "cpu": 1,
    "targetedByOnly": false,
    "hash": "bb4e1661add9066aa85497454d39497102e392c6"
  },
  "op": "create",
  "original": {
    "name": "FirebaseError",
    "children": [],
    "exit": 1,
    "message": "Build failed with status: FAILURE and message: npm error code EUSAGE\nnpm error\nnpm error `npm ci` can only install packages when your package.json and package-lock.json or npm-shrinkwrap.json are in sync. Please update your lock file with `npm install` before continuing.\nnpm error\nnpm error Invalid: lock file's firebase-admin@12.7.0 does not satisfy firebase-admin@11.11.1\nnpm error Invalid: lock file's firebase-functions@6.3.2 does not satisfy firebase-functions@4.9.0\nnpm error Missing: stripe@12.18.0 from lock file\nnpm error Invalid: lock file's @fastify/busboy@3.1.1 does not satisfy @fastify/busboy@1.2.1\nnpm error Invalid: lock file's @firebase/database-compat@1.0.8 does not satisfy @firebase/database-compat@0.3.4\nnpm error Invalid: lock file's @firebase/database-types@1.0.5 does not satisfy @firebase/database-types@0.10.4\nnpm error Invalid: lock file's @google-cloud/firestore@7.11.0 does not satisfy @google-cloud/firestore@6.8.0\nnpm error Invalid: lock file's @google-cloud/storage@7.16.0 does not satisfy @google-cloud/storage@6.12.0\nnpm error Invalid: lock file's uuid@10.0.0 does not satisfy uuid@9.0.1\nnpm error Missing: text-decoding@1.0.0 from lock file\nnpm error Invalid: lock file's @firebase/component@0.6.9 does not satisfy @firebase/component@0.6.4\nnpm error Invalid: lock file's @firebase/database@1.0.8 does not satisfy @firebase/database@0.14.4\nnpm error Invalid: lock file's @firebase/logger@0.4.2 does not satisfy @firebase/logger@0.4.0\nnpm error Invalid: lock file's @firebase/util@1.10.0 does not satisfy @firebase/util@1.9.3\nnpm error Invalid: lock file's @firebase/auth-interop-types@0.2.3 does not satisfy @firebase/auth-interop-types@0.2.1\nnpm error Invalid: lock file's @firebase/app-types@0.9.2 does not satisfy @firebase/app-types@0.9.0\nnpm error Invalid: lock file's google-gax@4.6.0 does not satisfy google-gax@3.6.1\nnpm error Invalid: lock file's @google-cloud/paginator@5.0.2 does not satisfy @google-cloud/paginator@3.0.7\nnpm error Invalid: lock file's @google-cloud/projectify@4.0.0 does not satisfy @google-cloud/projectify@3.0.0\nnpm error Invalid: lock file's @google-cloud/promisify@4.0.0 does not satisfy @google-cloud/promisify@3.0.1\nnpm error Missing: compressible@2.0.18 from lock file\nnpm error Missing: ent@2.2.2 from lock file\nnpm error Invalid: lock file's gaxios@6.7.1 does not satisfy gaxios@5.1.3\nnpm error Invalid: lock file's google-auth-library@9.15.1 does not satisfy google-auth-library@8.9.0\nnpm error Invalid: lock file's retry-request@7.0.2 does not satisfy retry-request@5.0.2\nnpm error Invalid: lock file's teeny-request@9.0.0 does not satisfy teeny-request@8.0.3\nnpm error Missing: punycode@1.4.1 from lock file\nnpm error Missing: safe-regex-test@1.1.0 from lock file\nnpm error Missing: @types/express@4.17.3 from lock file\nnpm error Invalid: lock file's https-proxy-agent@7.0.6 does not satisfy https-proxy-agent@5.0.1\nnpm error Missing: fast-text-encoding@1.0.6 from lock file\nnpm error Invalid: lock file's gcp-metadata@6.1.1 does not satisfy gcp-metadata@5.3.0\nnpm error Invalid: lock file's gtoken@7.1.0 does not satisfy gtoken@6.1.2\nnpm error Missing: lru-cache@6.0.0 from lock file\nnpm error Invalid: lock file's @grpc/grpc-js@1.13.3 does not satisfy @grpc/grpc-js@1.8.22\nnpm error Missing: @types/rimraf@3.0.2 from lock file\nnpm error Missing: is-stream-ended@0.1.4 from lock file\nnpm error Invalid: lock file's proto3-json-serializer@2.0.2 does not satisfy proto3-json-serializer@1.1.1\nnpm error Missing: protobufjs@7.2.4 from lock file\nnpm error Missing: protobufjs-cli@1.1.1 from lock file\nnpm error Missing: @types/glob@8.1.0 from lock file\nnpm error Missing: @types/minimatch@5.1.2 from lock file\nnpm error Missing: google-p12-pem@4.0.1 from lock file\nnpm error Invalid: lock file's agent-base@7.1.3 does not satisfy agent-base@6.0.2\nnpm error Missing: debug@4.4.0 from lock file\nnpm error Missing: escodegen@1.14.3 from lock file\nnpm error Missing: espree@9.6.1 from lock file\nnpm error Missing: estraverse@5.3.0 from lock file\nnpm error Missing: glob@8.1.0 from lock file\nnpm error Missing: jsdoc@4.0.4 from lock file\nnpm error Missing: minimist@1.2.8 from lock file\nnpm error Missing: semver@7.7.1 from lock file\nnpm error Missing: tmp@0.2.3 from lock file\nnpm error Missing: uglify-js@3.19.3 from lock file\nnpm error Missing: estraverse@4.3.0 from lock file\nnpm error Missing: esutils@2.0.3 from lock file\nnpm error Missing: optionator@0.8.3 from lock file\nnpm error Missing: acorn@8.14.1 from lock file\nnpm error Missing: acorn-jsx@5.3.2 from lock file\nnpm error Missing: eslint-visitor-keys@3.4.3 from lock file\nnpm error Missing: @jsdoc/salty@0.2.9 from lock file\nnpm error Missing: @types/markdown-it@14.1.2 from lock file\nnpm error Missing: bluebird@3.7.2 from lock file\nnpm error Missing: catharsis@0.9.0 from lock file\nnpm error Missing: js2xmlparser@4.0.2 from lock file\nnpm error Missing: klaw@3.0.0 from lock file\nnpm error Missing: markdown-it@14.1.0 from lock file\nnpm error Missing: markdown-it-anchor@8.6.7 from lock file\nnpm error Missing: marked@4.3.0 from lock file\nnpm error Missing: mkdirp@1.0.4 from lock file\nnpm error Missing: requizzle@0.2.4 from lock file\nnpm error Missing: underscore@1.13.7 from lock file\nnpm error Missing: @types/linkify-it@5.0.0 from lock file\nnpm error Missing: @types/mdurl@2.0.0 from lock file\nnpm error Missing: xmlcreate@2.0.4 from lock file\nnpm error Missing: argparse@2.0.1 from lock file\nnpm error Missing: entities@4.5.0 from lock file\nnpm error Missing: linkify-it@5.0.0 from lock file\nnpm error Missing: mdurl@2.0.0 from lock file\nnpm error Missing: punycode.js@2.3.1 from lock file\nnpm error Missing: uc.micro@2.1.0 from lock file\nnpm error Missing: deep-is@0.1.4 from lock file\nnpm error Missing: fast-levenshtein@2.0.6 from lock file\nnpm error Missing: levn@0.3.0 from lock file\nnpm error Missing: prelude-ls@1.1.2 from lock file\nnpm error Missing: type-check@0.3.2 from lock file\nnpm error Missing: word-wrap@1.2.5 from lock file\nnpm error Missing: debug@4.4.0 from lock file\nnpm error Missing: is-regex@1.2.1 from lock file\nnpm error Missing: ms@2.1.3 from lock file\nnpm error Missing: yallist@4.0.0 from lock file\nnpm error Missing: minimatch@5.1.6 from lock file\nnpm error Missing: brace-expansion@2.0.1 from lock file\nnpm error Missing: ms@2.1.3 from lock file\nnpm error\nnpm error Clean install a project\nnpm error\nnpm error Usage:\nnpm error npm ci\nnpm error\nnpm error Options:\nnpm error [--install-strategy <hoisted|nested|shallow|linked>] [--legacy-bundling]\nnpm error [--global-style] [--omit <dev|optional|peer> [--omit <dev|optional|peer> ...]]\nnpm error [--include <prod|dev|optional|peer> [--include <prod|dev|optional|peer> ...]]\nnpm error [--strict-peer-deps] [--foreground-scripts] [--ignore-scripts] [--no-audit]\nnpm error [--no-bin-links] [--no-fund] [--dry-run]\nnpm error [-w|--workspace <workspace-name> [-w|--workspace <workspace-name> ...]]\nnpm error [-ws|--workspaces] [--include-workspace-root] [--install-links]\nnpm error\nnpm error aliases: clean-install, ic, install-clean, isntall-clean\nnpm error\nnpm error Run \"npm help ci\" for more info\nnpm error A complete log of this run can be found in: /www-data-home/.npm/_logs/2025-04-29T22_08_21_796Z-debug-0.log. For more details see the logs at https://console.cloud.google.com/cloud-build/builds;region=us-central1/c811daf4-e04b-4bac-8677-1bfc0513541a?project=67832849622.",
    "original": {
      "code": 3,
      "message": "Build failed with status: FAILURE and message: npm error code EUSAGE\nnpm error\nnpm error `npm ci` can only install packages when your package.json and package-lock.json or npm-shrinkwrap.json are in sync. Please update your lock file with `npm install` before continuing.\nnpm error\nnpm error Invalid: lock file's firebase-admin@12.7.0 does not satisfy firebase-admin@11.11.1\nnpm error Invalid: lock file's firebase-functions@6.3.2 does not satisfy firebase-functions@4.9.0\nnpm error Missing: stripe@12.18.0 from lock file\nnpm error Invalid: lock file's @fastify/busboy@3.1.1 does not satisfy @fastify/busboy@1.2.1\nnpm error Invalid: lock file's @firebase/database-compat@1.0.8 does not satisfy @firebase/database-compat@0.3.4\nnpm error Invalid: lock file's @firebase/database-types@1.0.5 does not satisfy @firebase/database-types@0.10.4\nnpm error Invalid: lock file's @google-cloud/firestore@7.11.0 does not satisfy @google-cloud/firestore@6.8.0\nnpm error Invalid: lock file's @google-cloud/storage@7.16.0 does not satisfy @google-cloud/storage@6.12.0\nnpm error Invalid: lock file's uuid@10.0.0 does not satisfy uuid@9.0.1\nnpm error Missing: text-decoding@1.0.0 from lock file\nnpm error Invalid: lock file's @firebase/component@0.6.9 does not satisfy @firebase/component@0.6.4\nnpm error Invalid: lock file's @firebase/database@1.0.8 does not satisfy @firebase/database@0.14.4\nnpm error Invalid: lock file's @firebase/logger@0.4.2 does not satisfy @firebase/logger@0.4.0\nnpm error Invalid: lock file's @firebase/util@1.10.0 does not satisfy @firebase/util@1.9.3\nnpm error Invalid: lock file's @firebase/auth-interop-types@0.2.3 does not satisfy @firebase/auth-interop-types@0.2.1\nnpm error Invalid: lock file's @firebase/app-types@0.9.2 does not satisfy @firebase/app-types@0.9.0\nnpm error Invalid: lock file's google-gax@4.6.0 does not satisfy google-gax@3.6.1\nnpm error Invalid: lock file's @google-cloud/paginator@5.0.2 does not satisfy @google-cloud/paginator@3.0.7\nnpm error Invalid: lock file's @google-cloud/projectify@4.0.0 does not satisfy @google-cloud/projectify@3.0.0\nnpm error Invalid: lock file's @google-cloud/promisify@4.0.0 does not satisfy @google-cloud/promisify@3.0.1\nnpm error Missing: compressible@2.0.18 from lock file\nnpm error Missing: ent@2.2.2 from lock file\nnpm error Invalid: lock file's gaxios@6.7.1 does not satisfy gaxios@5.1.3\nnpm error Invalid: lock file's google-auth-library@9.15.1 does not satisfy google-auth-library@8.9.0\nnpm error Invalid: lock file's retry-request@7.0.2 does not satisfy retry-request@5.0.2\nnpm error Invalid: lock file's teeny-request@9.0.0 does not satisfy teeny-request@8.0.3\nnpm error Missing: punycode@1.4.1 from lock file\nnpm error Missing: safe-regex-test@1.1.0 from lock file\nnpm error Missing: @types/express@4.17.3 from lock file\nnpm error Invalid: lock file's https-proxy-agent@7.0.6 does not satisfy https-proxy-agent@5.0.1\nnpm error Missing: fast-text-encoding@1.0.6 from lock file\nnpm error Invalid: lock file's gcp-metadata@6.1.1 does not satisfy gcp-metadata@5.3.0\nnpm error Invalid: lock file's gtoken@7.1.0 does not satisfy gtoken@6.1.2\nnpm error Missing: lru-cache@6.0.0 from lock file\nnpm error Invalid: lock file's @grpc/grpc-js@1.13.3 does not satisfy @grpc/grpc-js@1.8.22\nnpm error Missing: @types/rimraf@3.0.2 from lock file\nnpm error Missing: is-stream-ended@0.1.4 from lock file\nnpm error Invalid: lock file's proto3-json-serializer@2.0.2 does not satisfy proto3-json-serializer@1.1.1\nnpm error Missing: protobufjs@7.2.4 from lock file\nnpm error Missing: protobufjs-cli@1.1.1 from lock file\nnpm error Missing: @types/glob@8.1.0 from lock file\nnpm error Missing: @types/minimatch@5.1.2 from lock file\nnpm error Missing: google-p12-pem@4.0.1 from lock file\nnpm error Invalid: lock file's agent-base@7.1.3 does not satisfy agent-base@6.0.2\nnpm error Missing: debug@4.4.0 from lock file\nnpm error Missing: escodegen@1.14.3 from lock file\nnpm error Missing: espree@9.6.1 from lock file\nnpm error Missing: estraverse@5.3.0 from lock file\nnpm error Missing: glob@8.1.0 from lock file\nnpm error Missing: jsdoc@4.0.4 from lock file\nnpm error Missing: minimist@1.2.8 from lock file\nnpm error Missing: semver@7.7.1 from lock file\nnpm error Missing: tmp@0.2.3 from lock file\nnpm error Missing: uglify-js@3.19.3 from lock file\nnpm error Missing: estraverse@4.3.0 from lock file\nnpm error Missing: esutils@2.0.3 from lock file\nnpm error Missing: optionator@0.8.3 from lock file\nnpm error Missing: acorn@8.14.1 from lock file\nnpm error Missing: acorn-jsx@5.3.2 from lock file\nnpm error Missing: eslint-visitor-keys@3.4.3 from lock file\nnpm error Missing: @jsdoc/salty@0.2.9 from lock file\nnpm error Missing: @types/markdown-it@14.1.2 from lock file\nnpm error Missing: bluebird@3.7.2 from lock file\nnpm error Missing: catharsis@0.9.0 from lock file\nnpm error Missing: js2xmlparser@4.0.2 from lock file\nnpm error Missing: klaw@3.0.0 from lock file\nnpm error Missing: markdown-it@14.1.0 from lock file\nnpm error Missing: markdown-it-anchor@8.6.7 from lock file\nnpm error Missing: marked@4.3.0 from lock file\nnpm error Missing: mkdirp@1.0.4 from lock file\nnpm error Missing: requizzle@0.2.4 from lock file\nnpm error Missing: underscore@1.13.7 from lock file\nnpm error Missing: @types/linkify-it@5.0.0 from lock file\nnpm error Missing: @types/mdurl@2.0.0 from lock file\nnpm error Missing: xmlcreate@2.0.4 from lock file\nnpm error Missing: argparse@2.0.1 from lock file\nnpm error Missing: entities@4.5.0 from lock file\nnpm error Missing: linkify-it@5.0.0 from lock file\nnpm error Missing: mdurl@2.0.0 from lock file\nnpm error Missing: punycode.js@2.3.1 from lock file\nnpm error Missing: uc.micro@2.1.0 from lock file\nnpm error Missing: deep-is@0.1.4 from lock file\nnpm error Missing: fast-levenshtein@2.0.6 from lock file\nnpm error Missing: levn@0.3.0 from lock file\nnpm error Missing: prelude-ls@1.1.2 from lock file\nnpm error Missing: type-check@0.3.2 from lock file\nnpm error Missing: word-wrap@1.2.5 from lock file\nnpm error Missing: debug@4.4.0 from lock file\nnpm error Missing: is-regex@1.2.1 from lock file\nnpm error Missing: ms@2.1.3 from lock file\nnpm error Missing: yallist@4.0.0 from lock file\nnpm error Missing: minimatch@5.1.6 from lock file\nnpm error Missing: brace-expansion@2.0.1 from lock file\nnpm error Missing: ms@2.1.3 from lock file\nnpm error\nnpm error Clean install a project\nnpm error\nnpm error Usage:\nnpm error npm ci\nnpm error\nnpm error Options:\nnpm error [--install-strategy <hoisted|nested|shallow|linked>] [--legacy-bundling]\nnpm error [--global-style] [--omit <dev|optional|peer> [--omit <dev|optional|peer> ...]]\nnpm error [--include <prod|dev|optional|peer> [--include <prod|dev|optional|peer> ...]]\nnpm error [--strict-peer-deps] [--foreground-scripts] [--ignore-scripts] [--no-audit]\nnpm error [--no-bin-links] [--no-fund] [--dry-run]\nnpm error [-w|--workspace <workspace-name> [-w|--workspace <workspace-name> ...]]\nnpm error [-ws|--workspaces] [--include-workspace-root] [--install-links]\nnpm error\nnpm error aliases: clean-install, ic, install-clean, isntall-clean\nnpm error\nnpm error Run \"npm help ci\" for more info\nnpm error A complete log of this run can be found in: /www-data-home/.npm/_logs/2025-04-29T22_08_21_796Z-debug-0.log. For more details see the logs at https://console.cloud.google.com/cloud-build/builds;region=us-central1/c811daf4-e04b-4bac-8677-1bfc0513541a?project=67832849622."
    },
    "status": 3,
    "code": 3
  }
}
[debug] [2025-04-29T22:08:54.553Z] Error: Failed to create function createCheckoutSession in region us-central1
    at C:\Users\asus\AppData\Roaming\npm\node_modules\firebase-tools\lib\deploy\functions\release\fabricator.js:294:27
    at process.processTicksAndRejections (node:internal/process/task_queues:105:5)
    at async Fabricator.createV2Function (C:\Users\asus\AppData\Roaming\npm\node_modules\firebase-tools\lib\deploy\functions\release\fabricator.js:278:30)
    at async Fabricator.createEndpoint (C:\Users\asus\AppData\Roaming\npm\node_modules\firebase-tools\lib\deploy\functions\release\fabricator.js:137:13)
    at async handle (C:\Users\asus\AppData\Roaming\npm\node_modules\firebase-tools\lib\deploy\functions\release\fabricator.js:89:17)
[error] 
[error] Error: There was an error deploying functions
